ble_list.c:25:6:list_init_head	0	static
ble_list.c:31:9:list_is_empty	0	static
ble_list.c:46:6:list_insert_head	0	static
ble_list.c:54:6:list_insert_tail	0	static
ble_list.c:62:6:list_remove_node	0	static
ble_list.c:68:6:list_remove_head	8	static
ble_list.c:76:6:list_remove_tail	8	static
ble_list.c:84:6:list_insert_node_after	0	static
ble_list.c:92:6:list_insert_node_before	0	static
ble_list.c:100:5:list_get_size	0	static
ble_list.c:114:6:list_get_next_node	0	static
ble_list.c:119:6:list_get_prev_node	0	static
