Archive member included to satisfy reference by file (symbol)

c:/program files (x86)/atollic/truestudio for stm32 9.0.0/armtools/bin/../lib/gcc/arm-atollic-eabi/6.3.1/../../../../arm-atollic-eabi/lib/armv7e-m/fpu\libc_nano.a(lib_a-init.o)
                              Application\SW4STM32\startup_stm32f401xe.o (__libc_init_array)
c:/program files (x86)/atollic/truestudio for stm32 9.0.0/armtools/bin/../lib/gcc/arm-atollic-eabi/6.3.1/../../../../arm-atollic-eabi/lib/armv7e-m/fpu\libc_nano.a(lib_a-memcpy-stub.o)
                              Middlewares\X-CUBE-BLE1\Wireless\Controller\bluenrg_gap_aci.o (memcpy)
c:/program files (x86)/atollic/truestudio for stm32 9.0.0/armtools/bin/../lib/gcc/arm-atollic-eabi/6.3.1/../../../../arm-atollic-eabi/lib/armv7e-m/fpu\libc_nano.a(lib_a-memset.o)
                              Middlewares\X-CUBE-BLE1\Wireless\Controller\bluenrg_gap_aci.o (memset)
c:/program files (x86)/atollic/truestudio for stm32 9.0.0/armtools/bin/../lib/gcc/arm-atollic-eabi/6.3.1/../../../../arm-atollic-eabi/lib/armv7e-m/fpu\libc_nano.a(lib_a-printf.o)
                              Application\User\app_bluenrg-ms.o (printf)
c:/program files (x86)/atollic/truestudio for stm32 9.0.0/armtools/bin/../lib/gcc/arm-atollic-eabi/6.3.1/../../../../arm-atollic-eabi/lib/armv7e-m/fpu\libc_nano.a(lib_a-putchar.o)
                              Application\User\sample_service.o (putchar)
c:/program files (x86)/atollic/truestudio for stm32 9.0.0/armtools/bin/../lib/gcc/arm-atollic-eabi/6.3.1/../../../../arm-atollic-eabi/lib/armv7e-m/fpu\libc_nano.a(lib_a-puts.o)
                              Application\User\app_bluenrg-ms.o (puts)
c:/program files (x86)/atollic/truestudio for stm32 9.0.0/armtools/bin/../lib/gcc/arm-atollic-eabi/6.3.1/../../../../arm-atollic-eabi/lib/armv7e-m/fpu\libc_nano.a(lib_a-wbuf.o)
                              c:/program files (x86)/atollic/truestudio for stm32 9.0.0/armtools/bin/../lib/gcc/arm-atollic-eabi/6.3.1/../../../../arm-atollic-eabi/lib/armv7e-m/fpu\libc_nano.a(lib_a-puts.o) (__swbuf_r)
c:/program files (x86)/atollic/truestudio for stm32 9.0.0/armtools/bin/../lib/gcc/arm-atollic-eabi/6.3.1/../../../../arm-atollic-eabi/lib/armv7e-m/fpu\libc_nano.a(lib_a-wsetup.o)
                              c:/program files (x86)/atollic/truestudio for stm32 9.0.0/armtools/bin/../lib/gcc/arm-atollic-eabi/6.3.1/../../../../arm-atollic-eabi/lib/armv7e-m/fpu\libc_nano.a(lib_a-puts.o) (__swsetup_r)
c:/program files (x86)/atollic/truestudio for stm32 9.0.0/armtools/bin/../lib/gcc/arm-atollic-eabi/6.3.1/../../../../arm-atollic-eabi/lib/armv7e-m/fpu\libc_nano.a(lib_a-fflush.o)
                              c:/program files (x86)/atollic/truestudio for stm32 9.0.0/armtools/bin/../lib/gcc/arm-atollic-eabi/6.3.1/../../../../arm-atollic-eabi/lib/armv7e-m/fpu\libc_nano.a(lib_a-wbuf.o) (_fflush_r)
c:/program files (x86)/atollic/truestudio for stm32 9.0.0/armtools/bin/../lib/gcc/arm-atollic-eabi/6.3.1/../../../../arm-atollic-eabi/lib/armv7e-m/fpu\libc_nano.a(lib_a-findfp.o)
                              c:/program files (x86)/atollic/truestudio for stm32 9.0.0/armtools/bin/../lib/gcc/arm-atollic-eabi/6.3.1/../../../../arm-atollic-eabi/lib/armv7e-m/fpu\libc_nano.a(lib_a-printf.o) (__sinit)
c:/program files (x86)/atollic/truestudio for stm32 9.0.0/armtools/bin/../lib/gcc/arm-atollic-eabi/6.3.1/../../../../arm-atollic-eabi/lib/armv7e-m/fpu\libc_nano.a(lib_a-fwalk.o)
                              c:/program files (x86)/atollic/truestudio for stm32 9.0.0/armtools/bin/../lib/gcc/arm-atollic-eabi/6.3.1/../../../../arm-atollic-eabi/lib/armv7e-m/fpu\libc_nano.a(lib_a-findfp.o) (_fwalk)
c:/program files (x86)/atollic/truestudio for stm32 9.0.0/armtools/bin/../lib/gcc/arm-atollic-eabi/6.3.1/../../../../arm-atollic-eabi/lib/armv7e-m/fpu\libc_nano.a(lib_a-impure.o)
                              c:/program files (x86)/atollic/truestudio for stm32 9.0.0/armtools/bin/../lib/gcc/arm-atollic-eabi/6.3.1/../../../../arm-atollic-eabi/lib/armv7e-m/fpu\libc_nano.a(lib_a-fflush.o) (_global_impure_ptr)
c:/program files (x86)/atollic/truestudio for stm32 9.0.0/armtools/bin/../lib/gcc/arm-atollic-eabi/6.3.1/../../../../arm-atollic-eabi/lib/armv7e-m/fpu\libc_nano.a(lib_a-makebuf.o)
                              c:/program files (x86)/atollic/truestudio for stm32 9.0.0/armtools/bin/../lib/gcc/arm-atollic-eabi/6.3.1/../../../../arm-atollic-eabi/lib/armv7e-m/fpu\libc_nano.a(lib_a-wsetup.o) (__smakebuf_r)
c:/program files (x86)/atollic/truestudio for stm32 9.0.0/armtools/bin/../lib/gcc/arm-atollic-eabi/6.3.1/../../../../arm-atollic-eabi/lib/armv7e-m/fpu\libc_nano.a(lib_a-nano-freer.o)
                              c:/program files (x86)/atollic/truestudio for stm32 9.0.0/armtools/bin/../lib/gcc/arm-atollic-eabi/6.3.1/../../../../arm-atollic-eabi/lib/armv7e-m/fpu\libc_nano.a(lib_a-wsetup.o) (_free_r)
[...]
Memory Configuration

Name             Origin             Length             Attributes
FLASH            0x08000000         0x00080000         xr
RAM              0x20000000         0x00018000         xrw
*default*        0x00000000         0xffffffff

Linker script and memory map

LOAD c:/program files (x86)/atollic/truestudio for stm32 9.0.0/armtools/bin/../lib/gcc/arm-atollic-eabi/6.3.1/armv7e-m/fpu/crti.o
LOAD c:/program files (x86)/atollic/truestudio for stm32 9.0.0/armtools/bin/../lib/gcc/arm-atollic-eabi/6.3.1/armv7e-m/fpu/crtbegin.o
LOAD Application\SW4STM32\startup_stm32f401xe.o
LOAD Application\User\app_bluenrg-ms.o
LOAD Application\User\hci.o
LOAD Application\User\hci_tl_interface.o
LOAD Application\User\main.o
LOAD Application\User\nucleo_f401re_bus.o
LOAD Application\User\sample_service.o
LOAD Application\User\stm32f4_nucleo_f401re.o
LOAD Application\User\stm32f4xx_hal_exti.o
LOAD Application\User\stm32f4xx_hal_msp.o
LOAD Application\User\stm32f4xx_it.o
LOAD Drivers\CMSIS\system_stm32f4xx.o
LOAD Drivers\STM32F4xx_HAL_Driver\stm32f4xx_hal.o
LOAD Drivers\STM32F4xx_HAL_Driver\stm32f4xx_hal_cortex.o
LOAD Drivers\STM32F4xx_HAL_Driver\stm32f4xx_hal_dma.o
LOAD Drivers\STM32F4xx_HAL_Driver\stm32f4xx_hal_dma_ex.o
LOAD Drivers\STM32F4xx_HAL_Driver\stm32f4xx_hal_flash.o
LOAD Drivers\STM32F4xx_HAL_Driver\stm32f4xx_hal_flash_ex.o
LOAD Drivers\STM32F4xx_HAL_Driver\stm32f4xx_hal_flash_ramfunc.o
LOAD Drivers\STM32F4xx_HAL_Driver\stm32f4xx_hal_gpio.o
LOAD Drivers\STM32F4xx_HAL_Driver\stm32f4xx_hal_pwr.o
LOAD Drivers\STM32F4xx_HAL_Driver\stm32f4xx_hal_pwr_ex.o
LOAD Drivers\STM32F4xx_HAL_Driver\stm32f4xx_hal_rcc.o
LOAD Drivers\STM32F4xx_HAL_Driver\stm32f4xx_hal_rcc_ex.o
LOAD Drivers\STM32F4xx_HAL_Driver\stm32f4xx_hal_spi.o
LOAD Drivers\STM32F4xx_HAL_Driver\stm32f4xx_hal_tim.o
LOAD Drivers\STM32F4xx_HAL_Driver\stm32f4xx_hal_tim_ex.o
LOAD Drivers\STM32F4xx_HAL_Driver\stm32f4xx_hal_uart.o
LOAD Middlewares\X-CUBE-BLE1\Wireless\Controller\bluenrg_IFR.o
LOAD Middlewares\X-CUBE-BLE1\Wireless\Controller\bluenrg_gap_aci.o
LOAD Middlewares\X-CUBE-BLE1\Wireless\Controller\bluenrg_gatt_aci.o
LOAD Middlewares\X-CUBE-BLE1\Wireless\Controller\bluenrg_hal_aci.o
LOAD Middlewares\X-CUBE-BLE1\Wireless\Controller\bluenrg_l2cap_aci.o
LOAD Middlewares\X-CUBE-BLE1\Wireless\Controller\bluenrg_updater_aci.o
LOAD Middlewares\X-CUBE-BLE1\Wireless\Controller\bluenrg_utils_small.o
LOAD Middlewares\X-CUBE-BLE1\Wireless\HCI_TL\Basic\hci_le.o
LOAD Middlewares\X-CUBE-BLE1\Wireless\HCI_TL\Basic\hci_tl.o
LOAD Middlewares\X-CUBE-BLE1\Wireless\Utils\ble_list.o
                0x00000080                malloc_getpagesize_P = 0x80
START GROUP
LOAD c:/program files (x86)/atollic/truestudio for stm32 9.0.0/armtools/bin/../lib/gcc/arm-atollic-eabi/6.3.1/../../../../arm-atollic-eabi/lib/armv7e-m/fpu\libc_nano.a
LOAD c:/program files (x86)/atollic/truestudio for stm32 9.0.0/armtools/bin/../lib/gcc/arm-atollic-eabi/6.3.1/../../../../arm-atollic-eabi/lib/armv7e-m/fpu\libm.a
END GROUP
START GROUP
LOAD c:/program files (x86)/atollic/truestudio for stm32 9.0.0/armtools/bin/../lib/gcc/arm-atollic-eabi/6.3.1/armv7e-m/fpu\libgcc.a
LOAD c:/program files (x86)/atollic/truestudio for stm32 9.0.0/armtools/bin/../lib/gcc/arm-atollic-eabi/6.3.1/../../../../arm-atollic-eabi/lib/armv7e-m/fpu\libc_nano.a
END GROUP
START GROUP
LOAD c:/program files (x86)/atollic/truestudio for stm32 9.0.0/armtools/bin/../lib/gcc/arm-atollic-eabi/6.3.1/armv7e-m/fpu\libgcc.a
LOAD c:/program files (x86)/atollic/truestudio for stm32 9.0.0/armtools/bin/../lib/gcc/arm-atollic-eabi/6.3.1/../../../../arm-atollic-eabi/lib/armv7e-m/fpu\libc_nano.a
LOAD c:/program files (x86)/atollic/truestudio for stm32 9.0.0/armtools/bin/../lib/gcc/arm-atollic-eabi/6.3.1/../../../../arm-atollic-eabi/lib/armv7e-m/fpu\libnosys.a
END GROUP
START GROUP
LOAD c:/program files (x86)/atollic/truestudio for stm32 9.0.0/armtools/bin/../lib/gcc/arm-atollic-eabi/6.3.1/armv7e-m/fpu\libgcc.a
LOAD c:/program files (x86)/atollic/truestudio for stm32 9.0.0/armtools/bin/../lib/gcc/arm-atollic-eabi/6.3.1/../../../../arm-atollic-eabi/lib/armv7e-m/fpu\libc_nano.a
LOAD c:/program files (x86)/atollic/truestudio for stm32 9.0.0/armtools/bin/../lib/gcc/arm-atollic-eabi/6.3.1/../../../../arm-atollic-eabi/lib/armv7e-m/fpu\libnosys.a
END GROUP
LOAD c:/program files (x86)/atollic/truestudio for stm32 9.0.0/armtools/bin/../lib/gcc/arm-atollic-eabi/6.3.1/armv7e-m/fpu/crtend.o
LOAD c:/program files (x86)/atollic/truestudio for stm32 9.0.0/armtools/bin/../lib/gcc/arm-atollic-eabi/6.3.1/armv7e-m/fpu/crtn.o
                0x20018000                _estack = 0x20018000
                0x00000200                _Min_Heap_Size = 0x200
                0x00000400                _Min_Stack_Size = 0x400

.isr_vector     0x08000000      0x194
                0x08000000                . = ALIGN (0x4)
 *(.isr_vector)
 .isr_vector    0x08000000      0x194 Application\SW4STM32\startup_stm32f401xe.o
                0x08000000                g_pfnVectors
                0x08000194                . = ALIGN (0x4)

.text           0x080001a0     0x3eb4
                0x080001a0                . = ALIGN (0x4)
 *(.text)
 .text          0x080001a0       0x40 c:/program files (x86)/atollic/truestudio for stm32 9.0.0/armtools/bin/../lib/gcc/arm-atollic-eabi/6.3.1/armv7e-m/fpu/crtbegin.o
 .text          0x080001e0       0xa0 c:/program files (x86)/atollic/truestudio for stm32 9.0.0/armtools/bin/../lib/gcc/arm-atollic-eabi/6.3.1/../../../../arm-atollic-eabi/lib/armv7e-m/fpu\libc_nano.a(lib_a-memchr.o)
                0x080001e0                memchr
 .text          0x08000280       0x30 c:/program files (x86)/atollic/truestudio for stm32 9.0.0/armtools/bin/../lib/gcc/arm-atollic-eabi/6.3.1/armv7e-m/fpu\libgcc.a(_aeabi_uldivmod.o)
                0x08000280                __aeabi_uldivmod
 .text          0x080002b0      0x2dc c:/program files (x86)/atollic/truestudio for stm32 9.0.0/armtools/bin/../lib/gcc/arm-atollic-eabi/6.3.1/armv7e-m/fpu\libgcc.a(_udivmoddi4.o)
                0x080002b0                __udivmoddi4
 .text          0x0800058c        0x4 c:/program files (x86)/atollic/truestudio for stm32 9.0.0/armtools/bin/../lib/gcc/arm-atollic-eabi/6.3.1/armv7e-m/fpu\libgcc.a(_dvmd_tls.o)
                0x0800058c                __aeabi_idiv0
                0x0800058c                __aeabi_ldiv0
 *(.text*)
 .text.Reset_Handler
                0x08000590       0x50 Application\SW4STM32\startup_stm32f401xe.o
                0x08000590                Reset_Handler
 .text.Default_Handler
                0x080005e0        0x2 Application\SW4STM32\startup_stm32f401xe.o
                0x080005e0                RTC_Alarm_IRQHandler
                0x080005e0                EXTI2_IRQHandler
                0x080005e0                SPI4_IRQHandler
                0x080005e0                TIM1_CC_IRQHandler
                0x080005e0                DMA2_Stream5_IRQHandler
                0x080005e0                DMA1_Stream5_IRQHandler
                0x080005e0                PVD_IRQHandler
                0x080005e0                SDIO_IRQHandler
                0x080005e0                TAMP_STAMP_IRQHandler
                0x080005e0                EXTI3_IRQHandler
                0x080005e0                TIM1_UP_TIM10_IRQHandler
                0x080005e0                I2C3_ER_IRQHandler
                0x080005e0                I2C2_EV_IRQHandler
                0x080005e0                DMA1_Stream2_IRQHandler
                0x080005e0                FPU_IRQHandler
                0x080005e0                DMA2_Stream2_IRQHandler
                0x080005e0                SPI1_IRQHandler
                0x080005e0                TIM1_BRK_TIM9_IRQHandler
                0x080005e0                DMA2_Stream3_IRQHandler
                0x080005e0                USART6_IRQHandler
                0x080005e0                DMA2_Stream0_IRQHandler
                0x080005e0                TIM4_IRQHandler
                0x080005e0                I2C1_EV_IRQHandler
                0x080005e0                DMA1_Stream6_IRQHandler
                0x080005e0                DMA1_Stream1_IRQHandler
                0x080005e0                TIM3_IRQHandler
                0x080005e0                RCC_IRQHandler
                0x080005e0                Default_Handler
                0x080005e0                EXTI15_10_IRQHandler
                0x080005e0                ADC_IRQHandler
                0x080005e0                DMA1_Stream7_IRQHandler
                0x080005e0                TIM5_IRQHandler
                0x080005e0                DMA2_Stream7_IRQHandler
                0x080005e0                I2C3_EV_IRQHandler
                0x080005e0                EXTI9_5_IRQHandler
                0x080005e0                RTC_WKUP_IRQHandler
                0x080005e0                SPI2_IRQHandler
                0x080005e0                DMA1_Stream0_IRQHandler
                0x080005e0                EXTI4_IRQHandler
                0x080005e0                WWDG_IRQHandler
                0x080005e0                TIM2_IRQHandler
                0x080005e0                OTG_FS_WKUP_IRQHandler
                0x080005e0                TIM1_TRG_COM_TIM11_IRQHandler
                0x080005e0                EXTI1_IRQHandler
                0x080005e0                USART2_IRQHandler
                0x080005e0                I2C2_ER_IRQHandler
                0x080005e0                DMA2_Stream1_IRQHandler
                0x080005e0                FLASH_IRQHandler
                0x080005e0                DMA2_Stream4_IRQHandler
                0x080005e0                USART1_IRQHandler
                0x080005e0                OTG_FS_IRQHandler
                0x080005e0                SPI3_IRQHandler
                0x080005e0                DMA1_Stream4_IRQHandler
                0x080005e0                I2C1_ER_IRQHandler
                0x080005e0                DMA2_Stream6_IRQHandler
                0x080005e0                DMA1_Stream3_IRQHandler
 *fill*         0x080005e2        0x2 
 .text.MX_X_CUBE_BLE1_Init
                0x080005e4      0x16c Application\User\app_bluenrg-ms.o
                0x080005e4                MX_X_CUBE_BLE1_Init
 .text.MX_X_CUBE_BLE1_Process
                0x08000750       0xe8 Application\User\app_bluenrg-ms.o
                0x08000750                MX_X_CUBE_BLE1_Process
 .text.HCI_TL_SPI_Init
                0x08000838       0x6c Application\User\hci_tl_interface.o
                0x08000838                HCI_TL_SPI_Init
 .text.HCI_TL_SPI_DeInit
                0x080008a4       0x28 Application\User\hci_tl_interface.o
                0x080008a4                HCI_TL_SPI_DeInit
 .text.HCI_TL_SPI_Reset
                0x080008cc       0x30 Application\User\hci_tl_interface.o
                0x080008cc                HCI_TL_SPI_Reset
 .text.HCI_TL_SPI_Receive
                0x080008fc       0x90 Application\User\hci_tl_interface.o
                0x080008fc                HCI_TL_SPI_Receive
 .text.HCI_TL_SPI_Send
                0x0800098c       0x98 Application\User\hci_tl_interface.o
                0x0800098c                HCI_TL_SPI_Send
 .text.hci_tl_lowlevel_isr
                0x08000a24       0x20 Application\User\hci_tl_interface.o
                0x08000a24                hci_tl_lowlevel_isr
 .text.hci_tl_lowlevel_init
                0x08000a44       0x6c Application\User\hci_tl_interface.o
                0x08000a44                hci_tl_lowlevel_init
 .text.SystemClock_Config
                0x08000ab0       0xac Application\User\main.o
                0x08000ab0                SystemClock_Config
 .text.startup.main
                0x08000b5c       0xc0 Application\User\main.o
                0x08000b5c                main
 .text.BSP_SPI1_SendRecv
                0x08000c1c       0x28 Application\User\nucleo_f401re_bus.o
                0x08000c1c                BSP_SPI1_SendRecv
 .text.BSP_GetTick
                0x08000c44        0x4 Application\User\nucleo_f401re_bus.o
                0x08000c44                BSP_GetTick
 .text.MX_SPI1_Init
                0x08000c48       0x3c Application\User\nucleo_f401re_bus.o
                0x08000c48                MX_SPI1_Init
 .text.BSP_SPI1_Init
                0x08000c84       0x8c Application\User\nucleo_f401re_bus.o
                0x08000c84                BSP_SPI1_Init
 .text.Add_Sample_Service
                0x08000d10       0xd0 Application\User\sample_service.o
                0x08000d10                Add_Sample_Service
 .text.Make_Connection
                0x08000de0       0xb4 Application\User\sample_service.o
                0x08000de0                Make_Connection
 .text.startReadTXCharHandle
                0x08000e94       0x48 Application\User\sample_service.o
                0x08000e94                startReadTXCharHandle
 .text.startReadRXCharHandle
                0x08000edc       0x48 Application\User\sample_service.o
                0x08000edc                startReadRXCharHandle
 .text.receiveData
                0x08000f24       0x2c Application\User\sample_service.o
                0x08000f24                receiveData
 .text.sendData
                0x08000f50       0x50 Application\User\sample_service.o
                0x08000f50                sendData
 .text.enableNotification
                0x08000fa0       0x50 Application\User\sample_service.o
                0x08000fa0                enableNotification
 .text.Attribute_Modified_CB
                0x08000ff0       0x34 Application\User\sample_service.o
                0x08000ff0                Attribute_Modified_CB
 .text.GAP_ConnectionComplete_CB
                0x08001024       0x44 Application\User\sample_service.o
                0x08001024                GAP_ConnectionComplete_CB
 .text.GAP_DisconnectionComplete_CB
                0x08001068       0x2c Application\User\sample_service.o
                0x08001068                GAP_DisconnectionComplete_CB
 .text.GATT_Notification_CB
                0x08001094       0x18 Application\User\sample_service.o
                0x08001094                GATT_Notification_CB
 .text.user_notify
                0x080010ac       0xec Application\User\sample_service.o
                0x080010ac                user_notify
 .text.BSP_LED_Init
                0x08001198       0x50 Application\User\stm32f4_nucleo_f401re.o
                0x08001198                BSP_LED_Init
 .text.BSP_LED_On
                0x080011e8       0x14 Application\User\stm32f4_nucleo_f401re.o
                0x080011e8                BSP_LED_On
 .text.BSP_LED_Off
                0x080011fc       0x14 Application\User\stm32f4_nucleo_f401re.o
                0x080011fc                BSP_LED_Off
 .text.BSP_PB_Init
                0x08001210       0x98 Application\User\stm32f4_nucleo_f401re.o
                0x08001210                BSP_PB_Init
 .text.BSP_PB_GetState
                0x080012a8       0x14 Application\User\stm32f4_nucleo_f401re.o
                0x080012a8                BSP_PB_GetState
 .text.BSP_PB_Callback
                0x080012bc        0x2 Application\User\stm32f4_nucleo_f401re.o
                0x080012bc                BSP_PB_Callback
 .text.BUTTON_KEY_EXTI_Callback
                0x080012be        0xa Application\User\stm32f4_nucleo_f401re.o
 .text.MX_USART2_UART_Init
                0x080012c8       0x2c Application\User\stm32f4_nucleo_f401re.o
                0x080012c8                MX_USART2_UART_Init
 .text.BSP_COM_Init
                0x080012f4       0x54 Application\User\stm32f4_nucleo_f401re.o
                0x080012f4                BSP_COM_Init
 .text.HAL_EXTI_RegisterCallback
                0x08001348        0xc Application\User\stm32f4xx_hal_exti.o
                0x08001348                HAL_EXTI_RegisterCallback
 .text.HAL_EXTI_GetHandle
                0x08001354        0xc Application\User\stm32f4xx_hal_exti.o
                0x08001354                HAL_EXTI_GetHandle
 .text.HAL_EXTI_IRQHandler
                0x08001360       0x20 Application\User\stm32f4xx_hal_exti.o
                0x08001360                HAL_EXTI_IRQHandler
 .text.HAL_MspInit
                0x08001380       0x90 Application\User\stm32f4xx_hal_msp.o
                0x08001380                HAL_MspInit
 .text.NMI_Handler
                0x08001410        0x2 Application\User\stm32f4xx_it.o
                0x08001410                NMI_Handler
 .text.HardFault_Handler
                0x08001412        0x2 Application\User\stm32f4xx_it.o
                0x08001412                HardFault_Handler
 .text.MemManage_Handler
                0x08001414        0x2 Application\User\stm32f4xx_it.o
                0x08001414                MemManage_Handler
 .text.BusFault_Handler
                0x08001416        0x2 Application\User\stm32f4xx_it.o
                0x08001416                BusFault_Handler
 .text.UsageFault_Handler
                0x08001418        0x2 Application\User\stm32f4xx_it.o
                0x08001418                UsageFault_Handler
 .text.SVC_Handler
                0x0800141a        0x2 Application\User\stm32f4xx_it.o
                0x0800141a                SVC_Handler
 .text.DebugMon_Handler
                0x0800141c        0x2 Application\User\stm32f4xx_it.o
                0x0800141c                DebugMon_Handler
 .text.PendSV_Handler
                0x0800141e        0x2 Application\User\stm32f4xx_it.o
                0x0800141e                PendSV_Handler
 .text.SysTick_Handler
                0x08001420        0xe Application\User\stm32f4xx_it.o
                0x08001420                SysTick_Handler
 *fill*         0x0800142e        0x2 
 .text.EXTI0_IRQHandler
                0x08001430        0xc Application\User\stm32f4xx_it.o
                0x08001430                EXTI0_IRQHandler
 .text.SystemInit
                0x0800143c       0x4c Drivers\CMSIS\system_stm32f4xx.o
                0x0800143c                SystemInit
 .text.HAL_InitTick
                0x08001488       0x44 Drivers\STM32F4xx_HAL_Driver\stm32f4xx_hal.o
                0x08001488                HAL_InitTick
 .text.HAL_Init
                0x080014cc       0x34 Drivers\STM32F4xx_HAL_Driver\stm32f4xx_hal.o
                0x080014cc                HAL_Init
 .text.HAL_IncTick
                0x08001500       0x18 Drivers\STM32F4xx_HAL_Driver\stm32f4xx_hal.o
                0x08001500                HAL_IncTick
 .text.HAL_GetTick
                0x08001518        0xc Drivers\STM32F4xx_HAL_Driver\stm32f4xx_hal.o
                0x08001518                HAL_GetTick
 .text.HAL_Delay
                0x08001524       0x28 Drivers\STM32F4xx_HAL_Driver\stm32f4xx_hal.o
                0x08001524                HAL_Delay
 .text.HAL_NVIC_SetPriorityGrouping
                0x0800154c       0x24 Drivers\STM32F4xx_HAL_Driver\stm32f4xx_hal_cortex.o
                0x0800154c                HAL_NVIC_SetPriorityGrouping
 .text.HAL_NVIC_SetPriority
                0x08001570       0x68 Drivers\STM32F4xx_HAL_Driver\stm32f4xx_hal_cortex.o
                0x08001570                HAL_NVIC_SetPriority
 .text.HAL_NVIC_EnableIRQ
                0x080015d8       0x18 Drivers\STM32F4xx_HAL_Driver\stm32f4xx_hal_cortex.o
                0x080015d8                HAL_NVIC_EnableIRQ
 .text.HAL_NVIC_DisableIRQ
                0x080015f0       0x1c Drivers\STM32F4xx_HAL_Driver\stm32f4xx_hal_cortex.o
                0x080015f0                HAL_NVIC_DisableIRQ
 .text.HAL_SYSTICK_Config
                0x0800160c       0x2c Drivers\STM32F4xx_HAL_Driver\stm32f4xx_hal_cortex.o
                0x0800160c                HAL_SYSTICK_Config
 .text.HAL_SYSTICK_CLKSourceConfig
                0x08001638       0x18 Drivers\STM32F4xx_HAL_Driver\stm32f4xx_hal_cortex.o
                0x08001638                HAL_SYSTICK_CLKSourceConfig
 .text.HAL_SYSTICK_Callback
                0x08001650        0x2 Drivers\STM32F4xx_HAL_Driver\stm32f4xx_hal_cortex.o
                0x08001650                HAL_SYSTICK_Callback
 .text.HAL_SYSTICK_IRQHandler
                0x08001652        0x8 Drivers\STM32F4xx_HAL_Driver\stm32f4xx_hal_cortex.o
                0x08001652                HAL_SYSTICK_IRQHandler
 *fill*         0x0800165a        0x2 
 .text.HAL_GPIO_Init
                0x0800165c      0x1ac Drivers\STM32F4xx_HAL_Driver\stm32f4xx_hal_gpio.o
                0x0800165c                HAL_GPIO_Init
 .text.HAL_GPIO_DeInit
                0x08001808       0xec Drivers\STM32F4xx_HAL_Driver\stm32f4xx_hal_gpio.o
                0x08001808                HAL_GPIO_DeInit
 .text.HAL_GPIO_ReadPin
                0x080018f4        0xc Drivers\STM32F4xx_HAL_Driver\stm32f4xx_hal_gpio.o
                0x080018f4                HAL_GPIO_ReadPin
 .text.HAL_GPIO_WritePin
                0x08001900        0xa Drivers\STM32F4xx_HAL_Driver\stm32f4xx_hal_gpio.o
                0x08001900                HAL_GPIO_WritePin
 .text.HAL_GPIO_TogglePin
                0x0800190a        0x8 Drivers\STM32F4xx_HAL_Driver\stm32f4xx_hal_gpio.o
                0x0800190a                HAL_GPIO_TogglePin
 *fill*         0x08001912        0x2 
 .text.HAL_RCC_OscConfig
                0x08001914      0x304 Drivers\STM32F4xx_HAL_Driver\stm32f4xx_hal_rcc.o
                0x08001914                HAL_RCC_OscConfig
 .text.HAL_RCC_GetSysClockFreq
                0x08001c18       0x5c Drivers\STM32F4xx_HAL_Driver\stm32f4xx_hal_rcc.o
                0x08001c18                HAL_RCC_GetSysClockFreq
 .text.HAL_RCC_ClockConfig
                0x08001c74      0x134 Drivers\STM32F4xx_HAL_Driver\stm32f4xx_hal_rcc.o
                0x08001c74                HAL_RCC_ClockConfig
 .text.HAL_RCC_GetHCLKFreq
                0x08001da8        0xc Drivers\STM32F4xx_HAL_Driver\stm32f4xx_hal_rcc.o
                0x08001da8                HAL_RCC_GetHCLKFreq
 .text.HAL_RCC_GetPCLK1Freq
                0x08001db4       0x20 Drivers\STM32F4xx_HAL_Driver\stm32f4xx_hal_rcc.o
                0x08001db4                HAL_RCC_GetPCLK1Freq
 .text.HAL_RCC_GetPCLK2Freq
                0x08001dd4       0x20 Drivers\STM32F4xx_HAL_Driver\stm32f4xx_hal_rcc.o
                0x08001dd4                HAL_RCC_GetPCLK2Freq
 .text.SPI_WaitFlagStateUntilTimeout
                0x08001df4       0x8e Drivers\STM32F4xx_HAL_Driver\stm32f4xx_hal_spi.o
 .text.SPI_CheckFlag_BSY
                0x08001e82       0x20 Drivers\STM32F4xx_HAL_Driver\stm32f4xx_hal_spi.o
 .text.HAL_SPI_MspInit
                0x08001ea2        0x2 Drivers\STM32F4xx_HAL_Driver\stm32f4xx_hal_spi.o
                0x08001ea2                HAL_SPI_MspInit
 .text.HAL_SPI_Init
                0x08001ea4       0x7a Drivers\STM32F4xx_HAL_Driver\stm32f4xx_hal_spi.o
                0x08001ea4                HAL_SPI_Init
 .text.HAL_SPI_TransmitReceive
                0x08001f1e      0x1f8 Drivers\STM32F4xx_HAL_Driver\stm32f4xx_hal_spi.o
                0x08001f1e                HAL_SPI_TransmitReceive
 .text.HAL_SPI_GetState
                0x08002116        0x6 Drivers\STM32F4xx_HAL_Driver\stm32f4xx_hal_spi.o
                0x08002116                HAL_SPI_GetState
 .text.UART_SetConfig
                0x0800211c      0x234 Drivers\STM32F4xx_HAL_Driver\stm32f4xx_hal_uart.o
 .text.UART_WaitOnFlagUntilTimeout.constprop.3
                0x08002350       0x50 Drivers\STM32F4xx_HAL_Driver\stm32f4xx_hal_uart.o
 .text.HAL_UART_MspInit
                0x080023a0        0x2 Drivers\STM32F4xx_HAL_Driver\stm32f4xx_hal_uart.o
                0x080023a0                HAL_UART_MspInit
 .text.HAL_UART_Init
                0x080023a2       0x5c Drivers\STM32F4xx_HAL_Driver\stm32f4xx_hal_uart.o
                0x080023a2                HAL_UART_Init
 .text.HAL_UART_Transmit
                0x080023fe       0xba Drivers\STM32F4xx_HAL_Driver\stm32f4xx_hal_uart.o
                0x080023fe                HAL_UART_Transmit
 .text.aci_gap_init_IDB05A1
                0x080024b8       0x7c Middlewares\X-CUBE-BLE1\Wireless\Controller\bluenrg_gap_aci.o
                0x080024b8                aci_gap_init_IDB05A1
 .text.aci_gap_init_IDB04A1
                0x08002534       0x7a Middlewares\X-CUBE-BLE1\Wireless\Controller\bluenrg_gap_aci.o
                0x08002534                aci_gap_init_IDB04A1
 .text.aci_gap_set_discoverable
                0x080025ae       0xba Middlewares\X-CUBE-BLE1\Wireless\Controller\bluenrg_gap_aci.o
                0x080025ae                aci_gap_set_discoverable
 .text.aci_gap_set_auth_requirement
                0x08002668       0x80 Middlewares\X-CUBE-BLE1\Wireless\Controller\bluenrg_gap_aci.o
                0x08002668                aci_gap_set_auth_requirement
 .text.aci_gap_create_connection
                0x080026e8       0x96 Middlewares\X-CUBE-BLE1\Wireless\Controller\bluenrg_gap_aci.o
                0x080026e8                aci_gap_create_connection
 .text.aci_gatt_init
                0x0800277e       0x3e Middlewares\X-CUBE-BLE1\Wireless\Controller\bluenrg_gatt_aci.o
                0x0800277e                aci_gatt_init
 .text.aci_gatt_add_serv
                0x080027bc       0x86 Middlewares\X-CUBE-BLE1\Wireless\Controller\bluenrg_gatt_aci.o
                0x080027bc                aci_gatt_add_serv
 .text.aci_gatt_add_char
                0x08002842       0xbc Middlewares\X-CUBE-BLE1\Wireless\Controller\bluenrg_gatt_aci.o
                0x08002842                aci_gatt_add_char
 .text.aci_gatt_update_char_value
                0x080028fe       0x6e Middlewares\X-CUBE-BLE1\Wireless\Controller\bluenrg_gatt_aci.o
                0x080028fe                aci_gatt_update_char_value
 .text.aci_gatt_disc_charac_by_uuid
                0x0800296c       0x6c Middlewares\X-CUBE-BLE1\Wireless\Controller\bluenrg_gatt_aci.o
                0x0800296c                aci_gatt_disc_charac_by_uuid
 .text.aci_gatt_write_charac_descriptor
                0x080029d8       0x6c Middlewares\X-CUBE-BLE1\Wireless\Controller\bluenrg_gatt_aci.o
                0x080029d8                aci_gatt_write_charac_descriptor
 .text.aci_gatt_write_without_response
                0x08002a44       0x66 Middlewares\X-CUBE-BLE1\Wireless\Controller\bluenrg_gatt_aci.o
                0x08002a44                aci_gatt_write_without_response
 .text.aci_hal_write_config_data
                0x08002aaa       0x64 Middlewares\X-CUBE-BLE1\Wireless\Controller\bluenrg_hal_aci.o
                0x08002aaa                aci_hal_write_config_data
 .text.aci_hal_set_tx_power_level
                0x08002b0e       0x4c Middlewares\X-CUBE-BLE1\Wireless\Controller\bluenrg_hal_aci.o
                0x08002b0e                aci_hal_set_tx_power_level
 .text.getBlueNRGVersion
                0x08002b5a       0x42 Middlewares\X-CUBE-BLE1\Wireless\Controller\bluenrg_utils_small.o
                0x08002b5a                getBlueNRGVersion
 .text.hci_reset
                0x08002b9c       0x3a Middlewares\X-CUBE-BLE1\Wireless\HCI_TL\Basic\hci_le.o
                0x08002b9c                hci_reset
 .text.hci_le_read_local_version
                0x08002bd6       0x80 Middlewares\X-CUBE-BLE1\Wireless\HCI_TL\Basic\hci_le.o
                0x08002bd6                hci_le_read_local_version
 .text.hci_le_set_scan_resp_data
                0x08002c56       0x66 Middlewares\X-CUBE-BLE1\Wireless\HCI_TL\Basic\hci_le.o
                0x08002c56                hci_le_set_scan_resp_data
 .text.move_list.constprop.0
                0x08002cbc       0x28 Middlewares\X-CUBE-BLE1\Wireless\HCI_TL\Basic\hci_tl.o
 .text.hci_init
                0x08002ce4       0x58 Middlewares\X-CUBE-BLE1\Wireless\HCI_TL\Basic\hci_tl.o
                0x08002ce4                hci_init
 .text.hci_register_io_bus
                0x08002d3c       0x1c Middlewares\X-CUBE-BLE1\Wireless\HCI_TL\Basic\hci_tl.o
                0x08002d3c                hci_register_io_bus
 .text.hci_send_req
                0x08002d58      0x194 Middlewares\X-CUBE-BLE1\Wireless\HCI_TL\Basic\hci_tl.o
                0x08002d58                hci_send_req
 .text.hci_user_evt_proc
                0x08002eec       0x40 Middlewares\X-CUBE-BLE1\Wireless\HCI_TL\Basic\hci_tl.o
                0x08002eec                hci_user_evt_proc
 .text.hci_notify_asynch_evt
                0x08002f2c       0x5c Middlewares\X-CUBE-BLE1\Wireless\HCI_TL\Basic\hci_tl.o
                0x08002f2c                hci_notify_asynch_evt
 .text.list_init_head
                0x08002f88        0x6 Middlewares\X-CUBE-BLE1\Wireless\Utils\ble_list.o
                0x08002f88                list_init_head
 .text.list_is_empty
                0x08002f8e        0xa Middlewares\X-CUBE-BLE1\Wireless\Utils\ble_list.o
                0x08002f8e                list_is_empty
 .text.list_insert_head
                0x08002f98        0xe Middlewares\X-CUBE-BLE1\Wireless\Utils\ble_list.o
                0x08002f98                list_insert_head
 .text.list_insert_tail
                0x08002fa6        0xe Middlewares\X-CUBE-BLE1\Wireless\Utils\ble_list.o
                0x08002fa6                list_insert_tail
 .text.list_remove_node
                0x08002fb4        0xc Middlewares\X-CUBE-BLE1\Wireless\Utils\ble_list.o
                0x08002fb4                list_remove_node
 .text.list_remove_head
                0x08002fc0       0x18 Middlewares\X-CUBE-BLE1\Wireless\Utils\ble_list.o
                0x08002fc0                list_remove_head
 .text.list_remove_tail
                0x08002fd8       0x18 Middlewares\X-CUBE-BLE1\Wireless\Utils\ble_list.o
                0x08002fd8                list_remove_tail
 .text.list_get_size
                0x08002ff0       0x12 Middlewares\X-CUBE-BLE1\Wireless\Utils\ble_list.o
                0x08002ff0                list_get_size
 *fill*         0x08003002        0x2 
 .text.__libc_init_array
                0x08003004       0x48 c:/program files (x86)/atollic/truestudio for stm32 9.0.0/armtools/bin/../lib/gcc/arm-atollic-eabi/6.3.1/../../../../arm-atollic-eabi/lib/armv7e-m/fpu\libc_nano.a(lib_a-init.o)
                0x08003004                __libc_init_array
 .text.memcpy   0x0800304c       0x16 c:/program files (x86)/atollic/truestudio for stm32 9.0.0/armtools/bin/../lib/gcc/arm-atollic-eabi/6.3.1/../../../../arm-atollic-eabi/lib/armv7e-m/fpu\libc_nano.a(lib_a-memcpy-stub.o)
                0x0800304c                memcpy
 .text.memset   0x08003062       0x10 c:/program files (x86)/atollic/truestudio for stm32 9.0.0/armtools/bin/../lib/gcc/arm-atollic-eabi/6.3.1/../../../../arm-atollic-eabi/lib/armv7e-m/fpu\libc_nano.a(lib_a-memset.o)
                0x08003062                memset
 *fill*         0x08003072        0x2 
 .text.printf   0x08003074       0x30 c:/program files (x86)/atollic/truestudio for stm32 9.0.0/armtools/bin/../lib/gcc/arm-atollic-eabi/6.3.1/../../../../arm-atollic-eabi/lib/armv7e-m/fpu\libc_nano.a(lib_a-printf.o)
                0x08003074                iprintf
                0x08003074                printf
 .text.putchar  0x080030a4       0x28 c:/program files (x86)/atollic/truestudio for stm32 9.0.0/armtools/bin/../lib/gcc/arm-atollic-eabi/6.3.1/../../../../arm-atollic-eabi/lib/armv7e-m/fpu\libc_nano.a(lib_a-putchar.o)
                0x080030a4                putchar
 .text._puts_r  0x080030cc       0xb8 c:/program files (x86)/atollic/truestudio for stm32 9.0.0/armtools/bin/../lib/gcc/arm-atollic-eabi/6.3.1/../../../../arm-atollic-eabi/lib/armv7e-m/fpu\libc_nano.a(lib_a-puts.o)
                0x080030cc                _puts_r
 .text.puts     0x08003184       0x10 c:/program files (x86)/atollic/truestudio for stm32 9.0.0/armtools/bin/../lib/gcc/arm-atollic-eabi/6.3.1/../../../../arm-atollic-eabi/lib/armv7e-m/fpu\libc_nano.a(lib_a-puts.o)
                0x08003184                puts
 .text.__swbuf_r
                0x08003194       0xa4 c:/program files (x86)/atollic/truestudio for stm32 9.0.0/armtools/bin/../lib/gcc/arm-atollic-eabi/6.3.1/../../../../arm-atollic-eabi/lib/armv7e-m/fpu\libc_nano.a(lib_a-wbuf.o)
                0x08003194                __swbuf_r
 .text.__swsetup_r
                0x08003238       0xdc c:/program files (x86)/atollic/truestudio for stm32 9.0.0/armtools/bin/../lib/gcc/arm-atollic-eabi/6.3.1/../../../../arm-atollic-eabi/lib/armv7e-m/fpu\libc_nano.a(lib_a-wsetup.o)
                0x08003238                __swsetup_r
 .text.__sflush_r
                0x08003314      0x110 c:/program files (x86)/atollic/truestudio for stm32 9.0.0/armtools/bin/../lib/gcc/arm-atollic-eabi/6.3.1/../../../../arm-atollic-eabi/lib/armv7e-m/fpu\libc_nano.a(lib_a-fflush.o)
                0x08003314                __sflush_r
 .text._fflush_r
                0x08003424       0x54 c:/program files (x86)/atollic/truestudio for stm32 9.0.0/armtools/bin/../lib/gcc/arm-atollic-eabi/6.3.1/../../../../arm-atollic-eabi/lib/armv7e-m/fpu\libc_nano.a(lib_a-fflush.o)
                0x08003424                _fflush_r
 .text._cleanup_r
                0x08003478        0xc c:/program files (x86)/atollic/truestudio for stm32 9.0.0/armtools/bin/../lib/gcc/arm-atollic-eabi/6.3.1/../../../../arm-atollic-eabi/lib/armv7e-m/fpu\libc_nano.a(lib_a-findfp.o)
                0x08003478                _cleanup_r
 .text.std.isra.0
                0x08003484       0x48 c:/program files (x86)/atollic/truestudio for stm32 9.0.0/armtools/bin/../lib/gcc/arm-atollic-eabi/6.3.1/../../../../arm-atollic-eabi/lib/armv7e-m/fpu\libc_nano.a(lib_a-findfp.o)
 .text.__sfmoreglue
                0x080034cc       0x2c c:/program files (x86)/atollic/truestudio for stm32 9.0.0/armtools/bin/../lib/gcc/arm-atollic-eabi/6.3.1/../../../../arm-atollic-eabi/lib/armv7e-m/fpu\libc_nano.a(lib_a-findfp.o)
                0x080034cc                __sfmoreglue
 .text.__sinit  0x080034f8       0x60 c:/program files (x86)/atollic/truestudio for stm32 9.0.0/armtools/bin/../lib/gcc/arm-atollic-eabi/6.3.1/../../../../arm-atollic-eabi/lib/armv7e-m/fpu\libc_nano.a(lib_a-findfp.o)
                0x080034f8                __sinit
 .text.__sfp    0x08003558       0x78 c:/program files (x86)/atollic/truestudio for stm32 9.0.0/armtools/bin/../lib/gcc/arm-atollic-eabi/6.3.1/../../../../arm-atollic-eabi/lib/armv7e-m/fpu\libc_nano.a(lib_a-findfp.o)
                0x08003558                __sfp
 .text._fwalk_reent
                0x080035d0       0x3c c:/program files (x86)/atollic/truestudio for stm32 9.0.0/armtools/bin/../lib/gcc/arm-atollic-eabi/6.3.1/../../../../arm-atollic-eabi/lib/armv7e-m/fpu\libc_nano.a(lib_a-fwalk.o)
                0x080035d0                _fwalk_reent
 .text.__swhatbuf_r
                0x0800360c       0x48 c:/program files (x86)/atollic/truestudio for stm32 9.0.0/armtools/bin/../lib/gcc/arm-atollic-eabi/6.3.1/../../../../arm-atollic-eabi/lib/armv7e-m/fpu\libc_nano.a(lib_a-makebuf.o)
                0x0800360c                __swhatbuf_r
 .text.__smakebuf_r
                0x08003654       0x80 c:/program files (x86)/atollic/truestudio for stm32 9.0.0/armtools/bin/../lib/gcc/arm-atollic-eabi/6.3.1/../../../../arm-atollic-eabi/lib/armv7e-m/fpu\libc_nano.a(lib_a-makebuf.o)
                0x08003654                __smakebuf_r
 .text._free_r  0x080036d4       0x9c c:/program files (x86)/atollic/truestudio for stm32 9.0.0/armtools/bin/../lib/gcc/arm-atollic-eabi/6.3.1/../../../../arm-atollic-eabi/lib/armv7e-m/fpu\libc_nano.a(lib_a-nano-freer.o)
                0x080036d4                _free_r
 .text._malloc_r
                0x08003770       0xbc c:/program files (x86)/atollic/truestudio for stm32 9.0.0/armtools/bin/../lib/gcc/arm-atollic-eabi/6.3.1/../../../../arm-atollic-eabi/lib/armv7e-m/fpu\libc_nano.a(lib_a-nano-mallocr.o)
                0x08003770                _malloc_r
 .text.__sfputc_r
                0x0800382c       0x30 c:/program files (x86)/atollic/truestudio for stm32 9.0.0/armtools/bin/../lib/gcc/arm-atollic-eabi/6.3.1/../../../../arm-atollic-eabi/lib/armv7e-m/fpu\libc_nano.a(lib_a-nano-vfprintf.o)
 .text.__sfputs_r
                0x0800385c       0x24 c:/program files (x86)/atollic/truestudio for stm32 9.0.0/armtools/bin/../lib/gcc/arm-atollic-eabi/6.3.1/../../../../arm-atollic-eabi/lib/armv7e-m/fpu\libc_nano.a(lib_a-nano-vfprintf.o)
                0x0800385c                __sfputs_r
 .text._vfprintf_r
                0x08003880      0x22c c:/program files (x86)/atollic/truestudio for stm32 9.0.0/armtools/bin/../lib/gcc/arm-atollic-eabi/6.3.1/../../../../arm-atollic-eabi/lib/armv7e-m/fpu\libc_nano.a(lib_a-nano-vfprintf.o)
                0x08003880                _vfprintf_r
                0x08003880                _vfiprintf_r
 .text._printf_common
                0x08003aac       0xec c:/program files (x86)/atollic/truestudio for stm32 9.0.0/armtools/bin/../lib/gcc/arm-atollic-eabi/6.3.1/../../../../arm-atollic-eabi/lib/armv7e-m/fpu\libc_nano.a(lib_a-nano-vfprintf_i.o)
                0x08003aac                _printf_common
 .text._printf_i
                0x08003b98      0x240 c:/program files (x86)/atollic/truestudio for stm32 9.0.0/armtools/bin/../lib/gcc/arm-atollic-eabi/6.3.1/../../../../arm-atollic-eabi/lib/armv7e-m/fpu\libc_nano.a(lib_a-nano-vfprintf_i.o)
                0x08003b98                _printf_i
 .text._putc_r  0x08003dd8       0x6c c:/program files (x86)/atollic/truestudio for stm32 9.0.0/armtools/bin/../lib/gcc/arm-atollic-eabi/6.3.1/../../../../arm-atollic-eabi/lib/armv7e-m/fpu\libc_nano.a(lib_a-putc.o)
                0x08003dd8                _putc_r
 .text._sbrk_r  0x08003e44       0x20 c:/program files (x86)/atollic/truestudio for stm32 9.0.0/armtools/bin/../lib/gcc/arm-atollic-eabi/6.3.1/../../../../arm-atollic-eabi/lib/armv7e-m/fpu\libc_nano.a(lib_a-sbrkr.o)
                0x08003e44                _sbrk_r
 .text.__sread  0x08003e64       0x22 c:/program files (x86)/atollic/truestudio for stm32 9.0.0/armtools/bin/../lib/gcc/arm-atollic-eabi/6.3.1/../../../../arm-atollic-eabi/lib/armv7e-m/fpu\libc_nano.a(lib_a-stdio.o)
                0x08003e64                __sread
 .text.__swrite
                0x08003e86       0x38 c:/program files (x86)/atollic/truestudio for stm32 9.0.0/armtools/bin/../lib/gcc/arm-atollic-eabi/6.3.1/../../../../arm-atollic-eabi/lib/armv7e-m/fpu\libc_nano.a(lib_a-stdio.o)
                0x08003e86                __swrite
 .text.__sseek  0x08003ebe       0x24 c:/program files (x86)/atollic/truestudio for stm32 9.0.0/armtools/bin/../lib/gcc/arm-atollic-eabi/6.3.1/../../../../arm-atollic-eabi/lib/armv7e-m/fpu\libc_nano.a(lib_a-stdio.o)
                0x08003ebe                __sseek
 .text.__sclose
                0x08003ee2        0x8 c:/program files (x86)/atollic/truestudio for stm32 9.0.0/armtools/bin/../lib/gcc/arm-atollic-eabi/6.3.1/../../../../arm-atollic-eabi/lib/armv7e-m/fpu\libc_nano.a(lib_a-stdio.o)
                0x08003ee2                __sclose
 *fill*         0x08003eea        0x2 
 .text._write_r
                0x08003eec       0x24 c:/program files (x86)/atollic/truestudio for stm32 9.0.0/armtools/bin/../lib/gcc/arm-atollic-eabi/6.3.1/../../../../arm-atollic-eabi/lib/armv7e-m/fpu\libc_nano.a(lib_a-writer.o)
                0x08003eec                _write_r
 .text._close_r
                0x08003f10       0x20 c:/program files (x86)/atollic/truestudio for stm32 9.0.0/armtools/bin/../lib/gcc/arm-atollic-eabi/6.3.1/../../../../arm-atollic-eabi/lib/armv7e-m/fpu\libc_nano.a(lib_a-closer.o)
                0x08003f10                _close_r
 .text._fstat_r
                0x08003f30       0x24 c:/program files (x86)/atollic/truestudio for stm32 9.0.0/armtools/bin/../lib/gcc/arm-atollic-eabi/6.3.1/../../../../arm-atollic-eabi/lib/armv7e-m/fpu\libc_nano.a(lib_a-fstatr.o)
                0x08003f30                _fstat_r
 .text._isatty_r
                0x08003f54       0x20 c:/program files (x86)/atollic/truestudio for stm32 9.0.0/armtools/bin/../lib/gcc/arm-atollic-eabi/6.3.1/../../../../arm-atollic-eabi/lib/armv7e-m/fpu\libc_nano.a(lib_a-isattyr.o)
                0x08003f54                _isatty_r
 .text._lseek_r
                0x08003f74       0x24 c:/program files (x86)/atollic/truestudio for stm32 9.0.0/armtools/bin/../lib/gcc/arm-atollic-eabi/6.3.1/../../../../arm-atollic-eabi/lib/armv7e-m/fpu\libc_nano.a(lib_a-lseekr.o)
                0x08003f74                _lseek_r
 .text.__malloc_lock
                0x08003f98        0x2 c:/program files (x86)/atollic/truestudio for stm32 9.0.0/armtools/bin/../lib/gcc/arm-atollic-eabi/6.3.1/../../../../arm-atollic-eabi/lib/armv7e-m/fpu\libc_nano.a(lib_a-mlock.o)
                0x08003f98                __malloc_lock
 .text.__malloc_unlock
                0x08003f9a        0x2 c:/program files (x86)/atollic/truestudio for stm32 9.0.0/armtools/bin/../lib/gcc/arm-atollic-eabi/6.3.1/../../../../arm-atollic-eabi/lib/armv7e-m/fpu\libc_nano.a(lib_a-mlock.o)
                0x08003f9a                __malloc_unlock
 .text._read_r  0x08003f9c       0x24 c:/program files (x86)/atollic/truestudio for stm32 9.0.0/armtools/bin/../lib/gcc/arm-atollic-eabi/6.3.1/../../../../arm-atollic-eabi/lib/armv7e-m/fpu\libc_nano.a(lib_a-readr.o)
                0x08003f9c                _read_r
 .text._close   0x08003fc0       0x10 c:/program files (x86)/atollic/truestudio for stm32 9.0.0/armtools/bin/../lib/gcc/arm-atollic-eabi/6.3.1/../../../../arm-atollic-eabi/lib/armv7e-m/fpu\libnosys.a(close.o)
                0x08003fc0                _close
 .text._fstat   0x08003fd0       0x10 c:/program files (x86)/atollic/truestudio for stm32 9.0.0/armtools/bin/../lib/gcc/arm-atollic-eabi/6.3.1/../../../../arm-atollic-eabi/lib/armv7e-m/fpu\libnosys.a(fstat.o)
                0x08003fd0                _fstat
 .text._isatty  0x08003fe0       0x10 c:/program files (x86)/atollic/truestudio for stm32 9.0.0/armtools/bin/../lib/gcc/arm-atollic-eabi/6.3.1/../../../../arm-atollic-eabi/lib/armv7e-m/fpu\libnosys.a(isatty.o)
                0x08003fe0                _isatty
 .text._lseek   0x08003ff0       0x10 c:/program files (x86)/atollic/truestudio for stm32 9.0.0/armtools/bin/../lib/gcc/arm-atollic-eabi/6.3.1/../../../../arm-atollic-eabi/lib/armv7e-m/fpu\libnosys.a(lseek.o)
                0x08003ff0                _lseek
 .text._read    0x08004000       0x10 c:/program files (x86)/atollic/truestudio for stm32 9.0.0/armtools/bin/../lib/gcc/arm-atollic-eabi/6.3.1/../../../../arm-atollic-eabi/lib/armv7e-m/fpu\libnosys.a(read.o)
                0x08004000                _read
 .text._sbrk    0x08004010       0x1c c:/program files (x86)/atollic/truestudio for stm32 9.0.0/armtools/bin/../lib/gcc/arm-atollic-eabi/6.3.1/../../../../arm-atollic-eabi/lib/armv7e-m/fpu\libnosys.a(sbrk.o)
                0x08004010                _sbrk
 .text._write   0x0800402c       0x10 c:/program files (x86)/atollic/truestudio for stm32 9.0.0/armtools/bin/../lib/gcc/arm-atollic-eabi/6.3.1/../../../../arm-atollic-eabi/lib/armv7e-m/fpu\libnosys.a(write.o)
                0x0800402c                _write
 *(.glue_7)
 .glue_7        0x0800403c        0x0 linker stubs
 *(.glue_7t)
 .glue_7t       0x0800403c        0x0 linker stubs
 *(.eh_frame)
 .eh_frame      0x0800403c        0x0 c:/program files (x86)/atollic/truestudio for stm32 9.0.0/armtools/bin/../lib/gcc/arm-atollic-eabi/6.3.1/armv7e-m/fpu/crtbegin.o
 *(.init)
 .init          0x0800403c        0x4 c:/program files (x86)/atollic/truestudio for stm32 9.0.0/armtools/bin/../lib/gcc/arm-atollic-eabi/6.3.1/armv7e-m/fpu/crti.o
                0x0800403c                _init
 .init          0x08004040        0x8 c:/program files (x86)/atollic/truestudio for stm32 9.0.0/armtools/bin/../lib/gcc/arm-atollic-eabi/6.3.1/armv7e-m/fpu/crtn.o
 *(.fini)
 .fini          0x08004048        0x4 c:/program files (x86)/atollic/truestudio for stm32 9.0.0/armtools/bin/../lib/gcc/arm-atollic-eabi/6.3.1/armv7e-m/fpu/crti.o
                0x08004048                _fini
 .fini          0x0800404c        0x8 c:/program files (x86)/atollic/truestudio for stm32 9.0.0/armtools/bin/../lib/gcc/arm-atollic-eabi/6.3.1/armv7e-m/fpu/crtn.o
                0x08004054                . = ALIGN (0x4)
                0x08004054                _etext = .

.vfp11_veneer   0x08004054        0x0
 .vfp11_veneer  0x08004054        0x0 linker stubs

.v4_bx          0x08004054        0x0
 .v4_bx         0x08004054        0x0 linker stubs

.iplt           0x08004054        0x0
 .iplt          0x08004054        0x0 c:/program files (x86)/atollic/truestudio for stm32 9.0.0/armtools/bin/../lib/gcc/arm-atollic-eabi/6.3.1/armv7e-m/fpu/crtbegin.o

.rodata         0x08004054      0x27c
                0x08004054                . = ALIGN (0x4)
 *(.rodata)
 .rodata        0x08004054       0x14 Application\User\app_bluenrg-ms.o
 .rodata        0x08004068       0x43 Application\User\sample_service.o
 .rodata        0x080040ab       0x18 Drivers\CMSIS\system_stm32f4xx.o
                0x080040ab                AHBPrescTable
                0x080040bb                APBPrescTable
 *(.rodata*)
 .rodata.str1.1
                0x080040c3       0xe2 Application\User\app_bluenrg-ms.o
 .rodata.str1.1
                0x080041a5       0x92 Application\User\sample_service.o
 *fill*         0x08004237        0x1 
 .rodata.__sf_fake_stderr
                0x08004238       0x20 c:/program files (x86)/atollic/truestudio for stm32 9.0.0/armtools/bin/../lib/gcc/arm-atollic-eabi/6.3.1/../../../../arm-atollic-eabi/lib/armv7e-m/fpu\libc_nano.a(lib_a-findfp.o)
                0x08004238                __sf_fake_stderr
 .rodata.__sf_fake_stdin
                0x08004258       0x20 c:/program files (x86)/atollic/truestudio for stm32 9.0.0/armtools/bin/../lib/gcc/arm-atollic-eabi/6.3.1/../../../../arm-atollic-eabi/lib/armv7e-m/fpu\libc_nano.a(lib_a-findfp.o)
                0x08004258                __sf_fake_stdin
 .rodata.__sf_fake_stdout
                0x08004278       0x20 c:/program files (x86)/atollic/truestudio for stm32 9.0.0/armtools/bin/../lib/gcc/arm-atollic-eabi/6.3.1/../../../../arm-atollic-eabi/lib/armv7e-m/fpu\libc_nano.a(lib_a-findfp.o)
                0x08004278                __sf_fake_stdout
 .rodata._global_impure_ptr
                0x08004298        0x4 c:/program files (x86)/atollic/truestudio for stm32 9.0.0/armtools/bin/../lib/gcc/arm-atollic-eabi/6.3.1/../../../../arm-atollic-eabi/lib/armv7e-m/fpu\libc_nano.a(lib_a-impure.o)
                0x08004298                _global_impure_ptr
 .rodata._vfprintf_r.str1.1
                0x0800429c       0x11 c:/program files (x86)/atollic/truestudio for stm32 9.0.0/armtools/bin/../lib/gcc/arm-atollic-eabi/6.3.1/../../../../arm-atollic-eabi/lib/armv7e-m/fpu\libc_nano.a(lib_a-nano-vfprintf.o)
 .rodata._printf_i.str1.1
                0x080042ad       0x22 c:/program files (x86)/atollic/truestudio for stm32 9.0.0/armtools/bin/../lib/gcc/arm-atollic-eabi/6.3.1/../../../../arm-atollic-eabi/lib/armv7e-m/fpu\libc_nano.a(lib_a-nano-vfprintf_i.o)
                0x080042d0                . = ALIGN (0x4)
 *fill*         0x080042cf        0x1 

.ARM.extab
 *(.ARM.extab* .gnu.linkonce.armextab.*)

.ARM            0x080042d0        0x8
                0x080042d0                __exidx_start = .
 *(.ARM.exidx*)
 .ARM.exidx     0x080042d0        0x8 c:/program files (x86)/atollic/truestudio for stm32 9.0.0/armtools/bin/../lib/gcc/arm-atollic-eabi/6.3.1/armv7e-m/fpu\libgcc.a(_udivmoddi4.o)
                0x080042d8                __exidx_end = .

.rel.dyn        0x080042d8        0x0
 .rel.iplt      0x080042d8        0x0 c:/program files (x86)/atollic/truestudio for stm32 9.0.0/armtools/bin/../lib/gcc/arm-atollic-eabi/6.3.1/armv7e-m/fpu/crtbegin.o

.preinit_array  0x080042d8        0x0
                0x080042d8                PROVIDE (__preinit_array_start, .)
 *(.preinit_array*)
                0x080042d8                PROVIDE (__preinit_array_end, .)

.init_array     0x080042d8        0x4
                0x080042d8                PROVIDE (__init_array_start, .)
 *(SORT(.init_array.*))
 *(.init_array*)
 .init_array    0x080042d8        0x4 c:/program files (x86)/atollic/truestudio for stm32 9.0.0/armtools/bin/../lib/gcc/arm-atollic-eabi/6.3.1/armv7e-m/fpu/crtbegin.o
                0x080042dc                PROVIDE (__init_array_end, .)

.fini_array     0x080042dc        0x4
                [!provide]                PROVIDE (__fini_array_start, .)
 *(SORT(.fini_array.*))
 *(.fini_array*)
 .fini_array    0x080042dc        0x4 c:/program files (x86)/atollic/truestudio for stm32 9.0.0/armtools/bin/../lib/gcc/arm-atollic-eabi/6.3.1/armv7e-m/fpu/crtbegin.o
                [!provide]                PROVIDE (__fini_array_end, .)
                0x080042e0                _sidata = LOADADDR (.data)

.data           0x20000000       0x74 load address 0x080042e0
                0x20000000                . = ALIGN (0x4)
                0x20000000                _sdata = .
 *(.data)
 .data          0x20000000        0x1 Application\User\app_bluenrg-ms.o
                0x20000000                BLE_Role
 .data          0x20000001        0x1 Application\User\sample_service.o
                0x20000001                set_connectable
 *fill*         0x20000002        0x2 
 .data          0x20000004        0x4 Drivers\CMSIS\system_stm32f4xx.o
                0x20000004                SystemCoreClock
 .data          0x20000008        0x8 Drivers\STM32F4xx_HAL_Driver\stm32f4xx_hal.o
                0x20000008                uwTickFreq
                0x2000000c                uwTickPrio
 *(.data*)
 .data._impure_ptr
                0x20000010        0x4 c:/program files (x86)/atollic/truestudio for stm32 9.0.0/armtools/bin/../lib/gcc/arm-atollic-eabi/6.3.1/../../../../arm-atollic-eabi/lib/armv7e-m/fpu\libc_nano.a(lib_a-impure.o)
                0x20000010                _impure_ptr
 .data.impure_data
                0x20000014       0x60 c:/program files (x86)/atollic/truestudio for stm32 9.0.0/armtools/bin/../lib/gcc/arm-atollic-eabi/6.3.1/../../../../arm-atollic-eabi/lib/armv7e-m/fpu\libc_nano.a(lib_a-impure.o)
                0x20000074                . = ALIGN (0x4)
                0x20000074                _edata = .

.igot.plt       0x20000074        0x0 load address 0x08004354
 .igot.plt      0x20000074        0x0 c:/program files (x86)/atollic/truestudio for stm32 9.0.0/armtools/bin/../lib/gcc/arm-atollic-eabi/6.3.1/armv7e-m/fpu/crtbegin.o
                0x20000074                . = ALIGN (0x4)

.bss            0x20000074      0x4e8 load address 0x08004354
                0x20000074                _sbss = .
                0x20000074                __bss_start__ = _sbss
 *(.bss)
 .bss           0x20000074       0x1c c:/program files (x86)/atollic/truestudio for stm32 9.0.0/armtools/bin/../lib/gcc/arm-atollic-eabi/6.3.1/armv7e-m/fpu/crtbegin.o
 .bss           0x20000090        0x1 Application\User\app_bluenrg-ms.o
                0x20000090                bnrg_expansion_board
 .bss           0x20000091       0xff Application\User\hci_tl_interface.o
 .bss           0x20000190        0xe Application\User\sample_service.o
                0x20000190                start_read_tx_char_handle
                0x20000192                connection_handle
                0x20000194                start_read_rx_char_handle
                0x20000195                notification_enabled
                0x20000198                connected
                0x2000019c                end_read_tx_char_handle
                0x2000019d                end_read_rx_char_handle
 *fill*         0x2000019e        0x2 
 .bss           0x200001a0      0x2dc Middlewares\X-CUBE-BLE1\Wireless\HCI_TL\Basic\hci_tl.o
 *(.bss*)
 .bss.__malloc_free_list
                0x2000047c        0x4 c:/program files (x86)/atollic/truestudio for stm32 9.0.0/armtools/bin/../lib/gcc/arm-atollic-eabi/6.3.1/../../../../arm-atollic-eabi/lib/armv7e-m/fpu\libc_nano.a(lib_a-nano-mallocr.o)
                0x2000047c                __malloc_free_list
 .bss.__malloc_sbrk_start
                0x20000480        0x4 c:/program files (x86)/atollic/truestudio for stm32 9.0.0/armtools/bin/../lib/gcc/arm-atollic-eabi/6.3.1/../../../../arm-atollic-eabi/lib/armv7e-m/fpu\libc_nano.a(lib_a-nano-mallocr.o)
                0x20000480                __malloc_sbrk_start
 .bss.heap_end.5239
                0x20000484        0x4 c:/program files (x86)/atollic/truestudio for stm32 9.0.0/armtools/bin/../lib/gcc/arm-atollic-eabi/6.3.1/../../../../arm-atollic-eabi/lib/armv7e-m/fpu\libnosys.a(sbrk.o)
 *(COMMON)
 COMMON         0x20000488        0x1 Application\User\app_bluenrg-ms.o
                0x20000488                user_button_init_state
 *fill*         0x20000489        0x3 
 COMMON         0x2000048c        0x8 Application\User\hci_tl_interface.o
                0x2000048c                hexti0
 COMMON         0x20000494       0x58 Application\User\nucleo_f401re_bus.o
                0x20000494                hbusspi1
 COMMON         0x200004ec        0xa Application\User\sample_service.o
                0x200004ec                tx_handle
                0x200004ee                rx_handle
                0x200004f0                TXCharHandle
                0x200004f2                sampleServHandle
                0x200004f4                RXCharHandle
 *fill*         0x200004f6        0x2 
 COMMON         0x200004f8       0x4c Application\User\stm32f4_nucleo_f401re.o
                0x200004f8                hexti13
                0x20000500                hComHandle
                0x20000540                hExtiButtonHandle
 COMMON         0x20000544        0x4 Drivers\STM32F4xx_HAL_Driver\stm32f4xx_hal.o
                0x20000544                uwTick
 COMMON         0x20000548       0x10 Middlewares\X-CUBE-BLE1\Wireless\HCI_TL\Basic\hci_tl.o
                0x20000548                hciReadPktPool
                0x20000550                hciReadPktRxQueue
 COMMON         0x20000558        0x4 c:/program files (x86)/atollic/truestudio for stm32 9.0.0/armtools/bin/../lib/gcc/arm-atollic-eabi/6.3.1/../../../../arm-atollic-eabi/lib/armv7e-m/fpu\libc_nano.a(lib_a-reent.o)
                0x20000558                errno
                0x2000055c                . = ALIGN (0x4)
                0x2000055c                _ebss = .
                0x2000055c                __bss_end__ = _ebss

._user_heap_stack
                0x2000055c      0x604 load address 0x08004354
                0x20000560                . = ALIGN (0x8)
 *fill*         0x2000055c        0x4 
                0x20000560                PROVIDE (end, .)
                [!provide]                PROVIDE (_end, .)
                0x20000760                . = (. + _Min_Heap_Size)
 *fill*         0x20000560      0x200 
                0x20000b60                . = (. + _Min_Stack_Size)
 *fill*         0x20000760      0x400 
                0x20000b60                . = ALIGN (0x8)

/DISCARD/
 libc.a(*)
 libm.a(*)
 libgcc.a(*)

.ARM.attributes
                0x00000000       0x30
 *(.ARM.attributes)
 .ARM.attributes
                0x00000000       0x22 c:/program files (x86)/atollic/truestudio for stm32 9.0.0/armtools/bin/../lib/gcc/arm-atollic-eabi/6.3.1/armv7e-m/fpu/crti.o
 .ARM.attributes
                0x00000022       0x34 c:/program files (x86)/atollic/truestudio for stm32 9.0.0/armtools/bin/../lib/gcc/arm-atollic-eabi/6.3.1/armv7e-m/fpu/crtbegin.o
 .ARM.attributes
                0x00000056       0x21 Application\SW4STM32\startup_stm32f401xe.o
 .ARM.attributes
                0x00000077       0x39 Application\User\app_bluenrg-ms.o
 .ARM.attributes
                0x000000b0       0x39 Application\User\hci_tl_interface.o
 .ARM.attributes
                0x000000e9       0x39 Application\User\main.o
 .ARM.attributes
                0x00000122       0x39 Application\User\nucleo_f401re_bus.o
 .ARM.attributes
                0x0000015b       0x39 Application\User\sample_service.o
 .ARM.attributes
                0x00000194       0x39 Application\User\stm32f4_nucleo_f401re.o
 .ARM.attributes
                0x000001cd       0x39 Application\User\stm32f4xx_hal_exti.o
 .ARM.attributes
                0x00000206       0x39 Application\User\stm32f4xx_hal_msp.o
 .ARM.attributes
                0x0000023f       0x39 Application\User\stm32f4xx_it.o
 .ARM.attributes
                0x00000278       0x39 Drivers\CMSIS\system_stm32f4xx.o
 .ARM.attributes
                0x000002b1       0x39 Drivers\STM32F4xx_HAL_Driver\stm32f4xx_hal.o
 .ARM.attributes
                0x000002ea       0x39 Drivers\STM32F4xx_HAL_Driver\stm32f4xx_hal_cortex.o
 .ARM.attributes
                0x00000323       0x39 Drivers\STM32F4xx_HAL_Driver\stm32f4xx_hal_gpio.o
 .ARM.attributes
                0x0000035c       0x39 Drivers\STM32F4xx_HAL_Driver\stm32f4xx_hal_rcc.o
 .ARM.attributes
                0x00000395       0x39 Drivers\STM32F4xx_HAL_Driver\stm32f4xx_hal_spi.o
 .ARM.attributes
                0x000003ce       0x39 Drivers\STM32F4xx_HAL_Driver\stm32f4xx_hal_uart.o
 .ARM.attributes
                0x00000407       0x39 Middlewares\X-CUBE-BLE1\Wireless\Controller\bluenrg_gap_aci.o
 .ARM.attributes
                0x00000440       0x39 Middlewares\X-CUBE-BLE1\Wireless\Controller\bluenrg_gatt_aci.o
 .ARM.attributes
                0x00000479       0x39 Middlewares\X-CUBE-BLE1\Wireless\Controller\bluenrg_hal_aci.o
 .ARM.attributes
                0x000004b2       0x39 Middlewares\X-CUBE-BLE1\Wireless\Controller\bluenrg_utils_small.o
 .ARM.attributes
                0x000004eb       0x39 Middlewares\X-CUBE-BLE1\Wireless\HCI_TL\Basic\hci_le.o
 .ARM.attributes
                0x00000524       0x39 Middlewares\X-CUBE-BLE1\Wireless\HCI_TL\Basic\hci_tl.o
 .ARM.attributes
                0x0000055d       0x39 Middlewares\X-CUBE-BLE1\Wireless\Utils\ble_list.o
 .ARM.attributes
                0x00000596       0x34 c:/program files (x86)/atollic/truestudio for stm32 9.0.0/armtools/bin/../lib/gcc/arm-atollic-eabi/6.3.1/../../../../arm-atollic-eabi/lib/armv7e-m/fpu\libc_nano.a(lib_a-init.o)
 .ARM.attributes
                0x000005ca       0x34 c:/program files (x86)/atollic/truestudio for stm32 9.0.0/armtools/bin/../lib/gcc/arm-atollic-eabi/6.3.1/../../../../arm-atollic-eabi/lib/armv7e-m/fpu\libc_nano.a(lib_a-memcpy-stub.o)
 .ARM.attributes
                0x000005fe       0x34 c:/program files (x86)/atollic/truestudio for stm32 9.0.0/armtools/bin/../lib/gcc/arm-atollic-eabi/6.3.1/../../../../arm-atollic-eabi/lib/armv7e-m/fpu\libc_nano.a(lib_a-memset.o)
 .ARM.attributes
                0x00000632       0x34 c:/program files (x86)/atollic/truestudio for stm32 9.0.0/armtools/bin/../lib/gcc/arm-atollic-eabi/6.3.1/../../../../arm-atollic-eabi/lib/armv7e-m/fpu\libc_nano.a(lib_a-printf.o)
 .ARM.attributes
                0x00000666       0x34 c:/program files (x86)/atollic/truestudio for stm32 9.0.0/armtools/bin/../lib/gcc/arm-atollic-eabi/6.3.1/../../../../arm-atollic-eabi/lib/armv7e-m/fpu\libc_nano.a(lib_a-putchar.o)
 .ARM.attributes
                0x0000069a       0x34 c:/program files (x86)/atollic/truestudio for stm32 9.0.0/armtools/bin/../lib/gcc/arm-atollic-eabi/6.3.1/../../../../arm-atollic-eabi/lib/armv7e-m/fpu\libc_nano.a(lib_a-puts.o)
 .ARM.attributes
                0x000006ce       0x34 c:/program files (x86)/atollic/truestudio for stm32 9.0.0/armtools/bin/../lib/gcc/arm-atollic-eabi/6.3.1/../../../../arm-atollic-eabi/lib/armv7e-m/fpu\libc_nano.a(lib_a-wbuf.o)
 .ARM.attributes
                0x00000702       0x34 c:/program files (x86)/atollic/truestudio for stm32 9.0.0/armtools/bin/../lib/gcc/arm-atollic-eabi/6.3.1/../../../../arm-atollic-eabi/lib/armv7e-m/fpu\libc_nano.a(lib_a-wsetup.o)
 .ARM.attributes
                0x00000736       0x34 c:/program files (x86)/atollic/truestudio for stm32 9.0.0/armtools/bin/../lib/gcc/arm-atollic-eabi/6.3.1/../../../../arm-atollic-eabi/lib/armv7e-m/fpu\libc_nano.a(lib_a-fflush.o)
 .ARM.attributes
                0x0000076a       0x34 c:/program files (x86)/atollic/truestudio for stm32 9.0.0/armtools/bin/../lib/gcc/arm-atollic-eabi/6.3.1/../../../../arm-atollic-eabi/lib/armv7e-m/fpu\libc_nano.a(lib_a-findfp.o)
 .ARM.attributes
                0x0000079e       0x34 c:/program files (x86)/atollic/truestudio for stm32 9.0.0/armtools/bin/../lib/gcc/arm-atollic-eabi/6.3.1/../../../../arm-atollic-eabi/lib/armv7e-m/fpu\libc_nano.a(lib_a-fwalk.o)
 .ARM.attributes
                0x000007d2       0x34 c:/program files (x86)/atollic/truestudio for stm32 9.0.0/armtools/bin/../lib/gcc/arm-atollic-eabi/6.3.1/../../../../arm-atollic-eabi/lib/armv7e-m/fpu\libc_nano.a(lib_a-impure.o)
 .ARM.attributes
                0x00000806       0x34 c:/program files (x86)/atollic/truestudio for stm32 9.0.0/armtools/bin/../lib/gcc/arm-atollic-eabi/6.3.1/../../../../arm-atollic-eabi/lib/armv7e-m/fpu\libc_nano.a(lib_a-makebuf.o)
 .ARM.attributes
                0x0000083a       0x34 c:/program files (x86)/atollic/truestudio for stm32 9.0.0/armtools/bin/../lib/gcc/arm-atollic-eabi/6.3.1/../../../../arm-atollic-eabi/lib/armv7e-m/fpu\libc_nano.a(lib_a-nano-freer.o)
 .ARM.attributes
                0x0000086e       0x34 c:/program files (x86)/atollic/truestudio for stm32 9.0.0/armtools/bin/../lib/gcc/arm-atollic-eabi/6.3.1/../../../../arm-atollic-eabi/lib/armv7e-m/fpu\libc_nano.a(lib_a-nano-mallocr.o)
 .ARM.attributes
                0x000008a2       0x34 c:/program files (x86)/atollic/truestudio for stm32 9.0.0/armtools/bin/../lib/gcc/arm-atollic-eabi/6.3.1/../../../../arm-atollic-eabi/lib/armv7e-m/fpu\libc_nano.a(lib_a-nano-vfprintf.o)
 .ARM.attributes
                0x000008d6       0x34 c:/program files (x86)/atollic/truestudio for stm32 9.0.0/armtools/bin/../lib/gcc/arm-atollic-eabi/6.3.1/../../../../arm-atollic-eabi/lib/armv7e-m/fpu\libc_nano.a(lib_a-nano-vfprintf_i.o)
 .ARM.attributes
                0x0000090a       0x34 c:/program files (x86)/atollic/truestudio for stm32 9.0.0/armtools/bin/../lib/gcc/arm-atollic-eabi/6.3.1/../../../../arm-atollic-eabi/lib/armv7e-m/fpu\libc_nano.a(lib_a-putc.o)
 .ARM.attributes
                0x0000093e       0x34 c:/program files (x86)/atollic/truestudio for stm32 9.0.0/armtools/bin/../lib/gcc/arm-atollic-eabi/6.3.1/../../../../arm-atollic-eabi/lib/armv7e-m/fpu\libc_nano.a(lib_a-sbrkr.o)
 .ARM.attributes
                0x00000972       0x34 c:/program files (x86)/atollic/truestudio for stm32 9.0.0/armtools/bin/../lib/gcc/arm-atollic-eabi/6.3.1/../../../../arm-atollic-eabi/lib/armv7e-m/fpu\libc_nano.a(lib_a-stdio.o)
 .ARM.attributes
                0x000009a6       0x34 c:/program files (x86)/atollic/truestudio for stm32 9.0.0/armtools/bin/../lib/gcc/arm-atollic-eabi/6.3.1/../../../../arm-atollic-eabi/lib/armv7e-m/fpu\libc_nano.a(lib_a-writer.o)
 .ARM.attributes
                0x000009da       0x34 c:/program files (x86)/atollic/truestudio for stm32 9.0.0/armtools/bin/../lib/gcc/arm-atollic-eabi/6.3.1/../../../../arm-atollic-eabi/lib/armv7e-m/fpu\libc_nano.a(lib_a-closer.o)
 .ARM.attributes
                0x00000a0e       0x34 c:/program files (x86)/atollic/truestudio for stm32 9.0.0/armtools/bin/../lib/gcc/arm-atollic-eabi/6.3.1/../../../../arm-atollic-eabi/lib/armv7e-m/fpu\libc_nano.a(lib_a-fstatr.o)
 .ARM.attributes
                0x00000a42       0x34 c:/program files (x86)/atollic/truestudio for stm32 9.0.0/armtools/bin/../lib/gcc/arm-atollic-eabi/6.3.1/../../../../arm-atollic-eabi/lib/armv7e-m/fpu\libc_nano.a(lib_a-isattyr.o)
 .ARM.attributes
                0x00000a76       0x34 c:/program files (x86)/atollic/truestudio for stm32 9.0.0/armtools/bin/../lib/gcc/arm-atollic-eabi/6.3.1/../../../../arm-atollic-eabi/lib/armv7e-m/fpu\libc_nano.a(lib_a-lseekr.o)
 .ARM.attributes
                0x00000aaa       0x20 c:/program files (x86)/atollic/truestudio for stm32 9.0.0/armtools/bin/../lib/gcc/arm-atollic-eabi/6.3.1/../../../../arm-atollic-eabi/lib/armv7e-m/fpu\libc_nano.a(lib_a-memchr.o)
 .ARM.attributes
                0x00000aca       0x34 c:/program files (x86)/atollic/truestudio for stm32 9.0.0/armtools/bin/../lib/gcc/arm-atollic-eabi/6.3.1/../../../../arm-atollic-eabi/lib/armv7e-m/fpu\libc_nano.a(lib_a-mlock.o)
 .ARM.attributes
                0x00000afe       0x34 c:/program files (x86)/atollic/truestudio for stm32 9.0.0/armtools/bin/../lib/gcc/arm-atollic-eabi/6.3.1/../../../../arm-atollic-eabi/lib/armv7e-m/fpu\libc_nano.a(lib_a-readr.o)
 .ARM.attributes
                0x00000b32       0x34 c:/program files (x86)/atollic/truestudio for stm32 9.0.0/armtools/bin/../lib/gcc/arm-atollic-eabi/6.3.1/../../../../arm-atollic-eabi/lib/armv7e-m/fpu\libc_nano.a(lib_a-reent.o)
 .ARM.attributes
                0x00000b66       0x22 c:/program files (x86)/atollic/truestudio for stm32 9.0.0/armtools/bin/../lib/gcc/arm-atollic-eabi/6.3.1/armv7e-m/fpu\libgcc.a(_aeabi_uldivmod.o)
 .ARM.attributes
                0x00000b88       0x34 c:/program files (x86)/atollic/truestudio for stm32 9.0.0/armtools/bin/../lib/gcc/arm-atollic-eabi/6.3.1/armv7e-m/fpu\libgcc.a(_udivmoddi4.o)
 .ARM.attributes
                0x00000bbc       0x22 c:/program files (x86)/atollic/truestudio for stm32 9.0.0/armtools/bin/../lib/gcc/arm-atollic-eabi/6.3.1/armv7e-m/fpu\libgcc.a(_dvmd_tls.o)
 .ARM.attributes
                0x00000bde       0x34 c:/program files (x86)/atollic/truestudio for stm32 9.0.0/armtools/bin/../lib/gcc/arm-atollic-eabi/6.3.1/../../../../arm-atollic-eabi/lib/armv7e-m/fpu\libnosys.a(close.o)
 .ARM.attributes
                0x00000c12       0x34 c:/program files (x86)/atollic/truestudio for stm32 9.0.0/armtools/bin/../lib/gcc/arm-atollic-eabi/6.3.1/../../../../arm-atollic-eabi/lib/armv7e-m/fpu\libnosys.a(fstat.o)
 .ARM.attributes
                0x00000c46       0x34 c:/program files (x86)/atollic/truestudio for stm32 9.0.0/armtools/bin/../lib/gcc/arm-atollic-eabi/6.3.1/../../../../arm-atollic-eabi/lib/armv7e-m/fpu\libnosys.a(isatty.o)
 .ARM.attributes
                0x00000c7a       0x34 c:/program files (x86)/atollic/truestudio for stm32 9.0.0/armtools/bin/../lib/gcc/arm-atollic-eabi/6.3.1/../../../../arm-atollic-eabi/lib/armv7e-m/fpu\libnosys.a(lseek.o)
 .ARM.attributes
                0x00000cae       0x34 c:/program files (x86)/atollic/truestudio for stm32 9.0.0/armtools/bin/../lib/gcc/arm-atollic-eabi/6.3.1/../../../../arm-atollic-eabi/lib/armv7e-m/fpu\libnosys.a(read.o)
 .ARM.attributes
                0x00000ce2       0x34 c:/program files (x86)/atollic/truestudio for stm32 9.0.0/armtools/bin/../lib/gcc/arm-atollic-eabi/6.3.1/../../../../arm-atollic-eabi/lib/armv7e-m/fpu\libnosys.a(sbrk.o)
 .ARM.attributes
                0x00000d16       0x34 c:/program files (x86)/atollic/truestudio for stm32 9.0.0/armtools/bin/../lib/gcc/arm-atollic-eabi/6.3.1/../../../../arm-atollic-eabi/lib/armv7e-m/fpu\libnosys.a(write.o)
 .ARM.attributes
                0x00000d4a       0x22 c:/program files (x86)/atollic/truestudio for stm32 9.0.0/armtools/bin/../lib/gcc/arm-atollic-eabi/6.3.1/armv7e-m/fpu/crtn.o
OUTPUT(SampleApp.elf elf32-littlearm)

.debug_line     0x00000000     0xea52
 .debug_line    0x00000000       0x7a Application\SW4STM32\startup_stm32f401xe.o
 .debug_line    0x0000007a      0xa23 Application\User\app_bluenrg-ms.o
 .debug_line    0x00000a9d      0x95f Application\User\hci_tl_interface.o
 .debug_line    0x000013fc      0x7b5 Application\User\main.o
 .debug_line    0x00001bb1      0x807 Application\User\nucleo_f401re_bus.o
 .debug_line    0x000023b8      0xb1c Application\User\sample_service.o
 .debug_line    0x00002ed4      0x8d3 Application\User\stm32f4_nucleo_f401re.o
 .debug_line    0x000037a7      0x755 Application\User\stm32f4xx_hal_exti.o
 .debug_line    0x00003efc      0x723 Application\User\stm32f4xx_hal_msp.o
 .debug_line    0x0000461f      0x789 Application\User\stm32f4xx_it.o
 .debug_line    0x00004da8      0x74a Drivers\CMSIS\system_stm32f4xx.o
 .debug_line    0x000054f2      0x8fc Drivers\STM32F4xx_HAL_Driver\stm32f4xx_hal.o
 .debug_line    0x00005dee      0x961 Drivers\STM32F4xx_HAL_Driver\stm32f4xx_hal_cortex.o
 .debug_line    0x0000674f      0x8dd Drivers\STM32F4xx_HAL_Driver\stm32f4xx_hal_gpio.o
 .debug_line    0x0000702c      0x9c6 Drivers\STM32F4xx_HAL_Driver\stm32f4xx_hal_rcc.o
 .debug_line    0x000079f2     0x1008 Drivers\STM32F4xx_HAL_Driver\stm32f4xx_hal_spi.o
 .debug_line    0x000089fa     0x102d Drivers\STM32F4xx_HAL_Driver\stm32f4xx_hal_uart.o
 .debug_line    0x00009a27      0xfb7 Middlewares\X-CUBE-BLE1\Wireless\Controller\bluenrg_gap_aci.o
 .debug_line    0x0000a9de     0x1066 Middlewares\X-CUBE-BLE1\Wireless\Controller\bluenrg_gatt_aci.o
 .debug_line    0x0000ba44      0xa78 Middlewares\X-CUBE-BLE1\Wireless\Controller\bluenrg_hal_aci.o
 .debug_line    0x0000c4bc      0x9b2 Middlewares\X-CUBE-BLE1\Wireless\Controller\bluenrg_utils_small.o
 .debug_line    0x0000ce6e      0xd48 Middlewares\X-CUBE-BLE1\Wireless\HCI_TL\Basic\hci_le.o
 .debug_line    0x0000dbb6      0x9d5 Middlewares\X-CUBE-BLE1\Wireless\HCI_TL\Basic\hci_tl.o
 .debug_line    0x0000e58b      0x4c7 Middlewares\X-CUBE-BLE1\Wireless\Utils\ble_list.o

.debug_info     0x00000000    0x20d3d
 .debug_info    0x00000000       0xbf Application\SW4STM32\startup_stm32f401xe.o
 .debug_info    0x000000bf      0xfdc Application\User\app_bluenrg-ms.o
 .debug_info    0x0000109b     0x142d Application\User\hci_tl_interface.o
 .debug_info    0x000024c8     0x1283 Application\User\main.o
 .debug_info    0x0000374b     0x14d1 Application\User\nucleo_f401re_bus.o
 .debug_info    0x00004c1c     0x19f5 Application\User\sample_service.o
 .debug_info    0x00006611     0x1b53 Application\User\stm32f4_nucleo_f401re.o
 .debug_info    0x00008164      0xadf Application\User\stm32f4xx_hal_exti.o
 .debug_info    0x00008c43      0xdeb Application\User\stm32f4xx_hal_msp.o
 .debug_info    0x00009a2e      0xa43 Application\User\stm32f4xx_it.o
 .debug_info    0x0000a471      0xd4a Drivers\CMSIS\system_stm32f4xx.o
 .debug_info    0x0000b1bb     0x117e Drivers\STM32F4xx_HAL_Driver\stm32f4xx_hal.o
 .debug_info    0x0000c339     0x16b2 Drivers\STM32F4xx_HAL_Driver\stm32f4xx_hal_cortex.o
 .debug_info    0x0000d9eb      0xfb3 Drivers\STM32F4xx_HAL_Driver\stm32f4xx_hal_gpio.o
 .debug_info    0x0000e99e     0x1297 Drivers\STM32F4xx_HAL_Driver\stm32f4xx_hal_rcc.o
 .debug_info    0x0000fc35     0x23ce Drivers\STM32F4xx_HAL_Driver\stm32f4xx_hal_spi.o
 .debug_info    0x00012003     0x1e9f Drivers\STM32F4xx_HAL_Driver\stm32f4xx_hal_uart.o
 .debug_info    0x00013ea2     0x343c Middlewares\X-CUBE-BLE1\Wireless\Controller\bluenrg_gap_aci.o
 .debug_info    0x000172de     0x37eb Middlewares\X-CUBE-BLE1\Wireless\Controller\bluenrg_gatt_aci.o
 .debug_info    0x0001aac9     0x1141 Middlewares\X-CUBE-BLE1\Wireless\Controller\bluenrg_hal_aci.o
 .debug_info    0x0001bc0a      0xb68 Middlewares\X-CUBE-BLE1\Wireless\Controller\bluenrg_utils_small.o
 .debug_info    0x0001c772     0x2522 Middlewares\X-CUBE-BLE1\Wireless\HCI_TL\Basic\hci_le.o
 .debug_info    0x0001ec94     0x155e Middlewares\X-CUBE-BLE1\Wireless\HCI_TL\Basic\hci_tl.o
 .debug_info    0x000201f2      0xb4b Middlewares\X-CUBE-BLE1\Wireless\Utils\ble_list.o

.debug_abbrev   0x00000000     0x3e48
 .debug_abbrev  0x00000000       0x12 Application\SW4STM32\startup_stm32f401xe.o
 .debug_abbrev  0x00000012      0x28e Application\User\app_bluenrg-ms.o
 .debug_abbrev  0x000002a0      0x2b3 Application\User\hci_tl_interface.o
 .debug_abbrev  0x00000553      0x2c1 Application\User\main.o
 .debug_abbrev  0x00000814      0x2f5 Application\User\nucleo_f401re_bus.o
 .debug_abbrev  0x00000b09      0x33c Application\User\sample_service.o
 .debug_abbrev  0x00000e45      0x374 Application\User\stm32f4_nucleo_f401re.o
 .debug_abbrev  0x000011b9      0x1f5 Application\User\stm32f4xx_hal_exti.o
 .debug_abbrev  0x000013ae      0x203 Application\User\stm32f4xx_hal_msp.o
 .debug_abbrev  0x000015b1      0x200 Application\User\stm32f4xx_it.o
 .debug_abbrev  0x000017b1      0x1cd Drivers\CMSIS\system_stm32f4xx.o
 .debug_abbrev  0x0000197e      0x30b Drivers\STM32F4xx_HAL_Driver\stm32f4xx_hal.o
 .debug_abbrev  0x00001c89      0x39c Drivers\STM32F4xx_HAL_Driver\stm32f4xx_hal_cortex.o
 .debug_abbrev  0x00002025      0x26b Drivers\STM32F4xx_HAL_Driver\stm32f4xx_hal_gpio.o
 .debug_abbrev  0x00002290      0x356 Drivers\STM32F4xx_HAL_Driver\stm32f4xx_hal_rcc.o
 .debug_abbrev  0x000025e6      0x3af Drivers\STM32F4xx_HAL_Driver\stm32f4xx_hal_spi.o
 .debug_abbrev  0x00002995      0x39a Drivers\STM32F4xx_HAL_Driver\stm32f4xx_hal_uart.o
 .debug_abbrev  0x00002d2f      0x273 Middlewares\X-CUBE-BLE1\Wireless\Controller\bluenrg_gap_aci.o
 .debug_abbrev  0x00002fa2      0x269 Middlewares\X-CUBE-BLE1\Wireless\Controller\bluenrg_gatt_aci.o
 .debug_abbrev  0x0000320b      0x21b Middlewares\X-CUBE-BLE1\Wireless\Controller\bluenrg_hal_aci.o
 .debug_abbrev  0x00003426      0x1c5 Middlewares\X-CUBE-BLE1\Wireless\Controller\bluenrg_utils_small.o
 .debug_abbrev  0x000035eb      0x264 Middlewares\X-CUBE-BLE1\Wireless\HCI_TL\Basic\hci_le.o
 .debug_abbrev  0x0000384f      0x40d Middlewares\X-CUBE-BLE1\Wireless\HCI_TL\Basic\hci_tl.o
 .debug_abbrev  0x00003c5c      0x1ec Middlewares\X-CUBE-BLE1\Wireless\Utils\ble_list.o

.debug_aranges  0x00000000      0xd88
 .debug_aranges
                0x00000000       0x28 Application\SW4STM32\startup_stm32f401xe.o
 .debug_aranges
                0x00000028       0x28 Application\User\app_bluenrg-ms.o
 .debug_aranges
                0x00000050       0x50 Application\User\hci_tl_interface.o
 .debug_aranges
                0x000000a0       0x30 Application\User\main.o
 .debug_aranges
                0x000000d0       0x50 Application\User\nucleo_f401re_bus.o
 .debug_aranges
                0x00000120       0x78 Application\User\sample_service.o
 .debug_aranges
                0x00000198       0xa0 Application\User\stm32f4_nucleo_f401re.o
 .debug_aranges
                0x00000238       0x30 Application\User\stm32f4xx_hal_exti.o
 .debug_aranges
                0x00000268       0x20 Application\User\stm32f4xx_hal_msp.o
 .debug_aranges
                0x00000288       0x50 Application\User\stm32f4xx_it.o
 .debug_aranges
                0x000002d8       0x28 Drivers\CMSIS\system_stm32f4xx.o
 .debug_aranges
                0x00000300       0xd8 Drivers\STM32F4xx_HAL_Driver\stm32f4xx_hal.o
 .debug_aranges
                0x000003d8       0xa8 Drivers\STM32F4xx_HAL_Driver\stm32f4xx_hal_cortex.o
 .debug_aranges
                0x00000480       0x58 Drivers\STM32F4xx_HAL_Driver\stm32f4xx_hal_gpio.o
 .debug_aranges
                0x000004d8       0x88 Drivers\STM32F4xx_HAL_Driver\stm32f4xx_hal_rcc.o
 .debug_aranges
                0x00000560      0x180 Drivers\STM32F4xx_HAL_Driver\stm32f4xx_hal_spi.o
 .debug_aranges
                0x000006e0      0x170 Drivers\STM32F4xx_HAL_Driver\stm32f4xx_hal_uart.o
 .debug_aranges
                0x00000850      0x168 Middlewares\X-CUBE-BLE1\Wireless\Controller\bluenrg_gap_aci.o
 .debug_aranges
                0x000009b8      0x178 Middlewares\X-CUBE-BLE1\Wireless\Controller\bluenrg_gatt_aci.o
 .debug_aranges
                0x00000b30       0x68 Middlewares\X-CUBE-BLE1\Wireless\Controller\bluenrg_hal_aci.o
 .debug_aranges
                0x00000b98       0x20 Middlewares\X-CUBE-BLE1\Wireless\Controller\bluenrg_utils_small.o
 .debug_aranges
                0x00000bb8      0x110 Middlewares\X-CUBE-BLE1\Wireless\HCI_TL\Basic\hci_le.o
 .debug_aranges
                0x00000cc8       0x48 Middlewares\X-CUBE-BLE1\Wireless\HCI_TL\Basic\hci_tl.o
 .debug_aranges
                0x00000d10       0x78 Middlewares\X-CUBE-BLE1\Wireless\Utils\ble_list.o

.debug_ranges   0x00000000      0xfa0
 .debug_ranges  0x00000000       0x20 Application\SW4STM32\startup_stm32f401xe.o
 .debug_ranges  0x00000020       0x50 Application\User\app_bluenrg-ms.o
 .debug_ranges  0x00000070       0x68 Application\User\hci_tl_interface.o
 .debug_ranges  0x000000d8       0xb0 Application\User\main.o
 .debug_ranges  0x00000188       0x70 Application\User\nucleo_f401re_bus.o
 .debug_ranges  0x000001f8       0x80 Application\User\sample_service.o
 .debug_ranges  0x00000278       0xf8 Application\User\stm32f4_nucleo_f401re.o
 .debug_ranges  0x00000370       0x20 Application\User\stm32f4xx_hal_exti.o
 .debug_ranges  0x00000390       0x28 Application\User\stm32f4xx_hal_msp.o
 .debug_ranges  0x000003b8       0x40 Application\User\stm32f4xx_it.o
 .debug_ranges  0x000003f8       0x18 Drivers\CMSIS\system_stm32f4xx.o
 .debug_ranges  0x00000410       0xc8 Drivers\STM32F4xx_HAL_Driver\stm32f4xx_hal.o
 .debug_ranges  0x000004d8      0x138 Drivers\STM32F4xx_HAL_Driver\stm32f4xx_hal_cortex.o
 .debug_ranges  0x00000610       0x68 Drivers\STM32F4xx_HAL_Driver\stm32f4xx_hal_gpio.o
 .debug_ranges  0x00000678       0xb0 Drivers\STM32F4xx_HAL_Driver\stm32f4xx_hal_rcc.o
 .debug_ranges  0x00000728      0x1d0 Drivers\STM32F4xx_HAL_Driver\stm32f4xx_hal_spi.o
 .debug_ranges  0x000008f8      0x178 Drivers\STM32F4xx_HAL_Driver\stm32f4xx_hal_uart.o
 .debug_ranges  0x00000a70      0x158 Middlewares\X-CUBE-BLE1\Wireless\Controller\bluenrg_gap_aci.o
 .debug_ranges  0x00000bc8      0x168 Middlewares\X-CUBE-BLE1\Wireless\Controller\bluenrg_gatt_aci.o
 .debug_ranges  0x00000d30       0x58 Middlewares\X-CUBE-BLE1\Wireless\Controller\bluenrg_hal_aci.o
 .debug_ranges  0x00000d88       0x10 Middlewares\X-CUBE-BLE1\Wireless\Controller\bluenrg_utils_small.o
 .debug_ranges  0x00000d98      0x100 Middlewares\X-CUBE-BLE1\Wireless\HCI_TL\Basic\hci_le.o
 .debug_ranges  0x00000e98       0xa0 Middlewares\X-CUBE-BLE1\Wireless\HCI_TL\Basic\hci_tl.o
 .debug_ranges  0x00000f38       0x68 Middlewares\X-CUBE-BLE1\Wireless\Utils\ble_list.o

.debug_loc      0x00000000     0x97b7
 .debug_loc     0x00000000      0x118 Application\User\app_bluenrg-ms.o
 .debug_loc     0x00000118      0x16a Application\User\hci_tl_interface.o
 .debug_loc     0x00000282      0x186 Application\User\nucleo_f401re_bus.o
 .debug_loc     0x00000408      0x767 Application\User\sample_service.o
 .debug_loc     0x00000b6f      0x284 Application\User\stm32f4_nucleo_f401re.o
 .debug_loc     0x00000df3      0x111 Application\User\stm32f4xx_hal_exti.o
 .debug_loc     0x00000f04      0x11c Drivers\CMSIS\system_stm32f4xx.o
 .debug_loc     0x00001020      0x11b Drivers\STM32F4xx_HAL_Driver\stm32f4xx_hal.o
 .debug_loc     0x0000113b      0x4fb Drivers\STM32F4xx_HAL_Driver\stm32f4xx_hal_cortex.o
 .debug_loc     0x00001636      0x381 Drivers\STM32F4xx_HAL_Driver\stm32f4xx_hal_gpio.o
 .debug_loc     0x000019b7      0x336 Drivers\STM32F4xx_HAL_Driver\stm32f4xx_hal_rcc.o
 .debug_loc     0x00001ced     0x150f Drivers\STM32F4xx_HAL_Driver\stm32f4xx_hal_spi.o
 .debug_loc     0x000031fc     0x132c Drivers\STM32F4xx_HAL_Driver\stm32f4xx_hal_uart.o
 .debug_loc     0x00004528     0x1ccf Middlewares\X-CUBE-BLE1\Wireless\Controller\bluenrg_gap_aci.o
 .debug_loc     0x000061f7     0x2602 Middlewares\X-CUBE-BLE1\Wireless\Controller\bluenrg_gatt_aci.o
 .debug_loc     0x000087f9      0x2cb Middlewares\X-CUBE-BLE1\Wireless\Controller\bluenrg_hal_aci.o
 .debug_loc     0x00008ac4       0x3c Middlewares\X-CUBE-BLE1\Wireless\Controller\bluenrg_utils_small.o
 .debug_loc     0x00008b00      0x7bb Middlewares\X-CUBE-BLE1\Wireless\HCI_TL\Basic\hci_le.o
 .debug_loc     0x000092bb      0x422 Middlewares\X-CUBE-BLE1\Wireless\HCI_TL\Basic\hci_tl.o
 .debug_loc     0x000096dd       0xda Middlewares\X-CUBE-BLE1\Wireless\Utils\ble_list.o

.debug_macro    0x00000000    0x1a476
 .debug_macro   0x00000000      0x46f Application\User\app_bluenrg-ms.o
 .debug_macro   0x0000046f      0x8b0 Application\User\app_bluenrg-ms.o
 .debug_macro   0x00000d1f       0x58 Application\User\app_bluenrg-ms.o
 .debug_macro   0x00000d77      0x186 Application\User\app_bluenrg-ms.o
 .debug_macro   0x00000efd       0x32 Application\User\app_bluenrg-ms.o
 .debug_macro   0x00000f2f       0x28 Application\User\app_bluenrg-ms.o
 .debug_macro   0x00000f57       0x22 Application\User\app_bluenrg-ms.o
 .debug_macro   0x00000f79       0x87 Application\User\app_bluenrg-ms.o
 .debug_macro   0x00001000       0x51 Application\User\app_bluenrg-ms.o
 .debug_macro   0x00001051       0xef Application\User\app_bluenrg-ms.o
 .debug_macro   0x00001140       0x6a Application\User\app_bluenrg-ms.o
 .debug_macro   0x000011aa      0x1df Application\User\app_bluenrg-ms.o
 .debug_macro   0x00001389       0x35 Application\User\app_bluenrg-ms.o
 .debug_macro   0x000013be       0x50 Application\User\app_bluenrg-ms.o
 .debug_macro   0x0000140e      0xe66 Application\User\app_bluenrg-ms.o
 .debug_macro   0x00002274     0xb71c Application\User\app_bluenrg-ms.o
 .debug_macro   0x0000d990       0x43 Application\User\app_bluenrg-ms.o
 .debug_macro   0x0000d9d3     0x3535 Application\User\app_bluenrg-ms.o
 .debug_macro   0x00010f08       0x46 Application\User\app_bluenrg-ms.o
 .debug_macro   0x00010f4e       0x3c Application\User\app_bluenrg-ms.o
 .debug_macro   0x00010f8a       0x9c Application\User\app_bluenrg-ms.o
 .debug_macro   0x00011026       0x16 Application\User\app_bluenrg-ms.o
 .debug_macro   0x0001103c       0x97 Application\User\app_bluenrg-ms.o
 .debug_macro   0x000110d3      0x30d Application\User\app_bluenrg-ms.o
 .debug_macro   0x000113e0       0xfd Application\User\app_bluenrg-ms.o
 .debug_macro   0x000114dd       0x10 Application\User\app_bluenrg-ms.o
 .debug_macro   0x000114ed       0x52 Application\User\app_bluenrg-ms.o
 .debug_macro   0x0001153f       0x1f Application\User\app_bluenrg-ms.o
 .debug_macro   0x0001155e       0x43 Application\User\app_bluenrg-ms.o
 .debug_macro   0x000115a1       0x20 Application\User\app_bluenrg-ms.o
 .debug_macro   0x000115c1      0x1a3 Application\User\app_bluenrg-ms.o
 .debug_macro   0x00011764       0x10 Application\User\app_bluenrg-ms.o
 .debug_macro   0x00011774       0x1c Application\User\app_bluenrg-ms.o
 .debug_macro   0x00011790       0x52 Application\User\app_bluenrg-ms.o
 .debug_macro   0x000117e2       0x40 Application\User\app_bluenrg-ms.o
 .debug_macro   0x00011822       0x10 Application\User\app_bluenrg-ms.o
 .debug_macro   0x00011832       0x40 Application\User\app_bluenrg-ms.o
 .debug_macro   0x00011872       0xd7 Application\User\app_bluenrg-ms.o
 .debug_macro   0x00011949       0x16 Application\User\app_bluenrg-ms.o
 .debug_macro   0x0001195f      0x161 Application\User\app_bluenrg-ms.o
 .debug_macro   0x00011ac0       0x57 Application\User\app_bluenrg-ms.o
 .debug_macro   0x00011b17      0x416 Application\User\app_bluenrg-ms.o
 .debug_macro   0x00011f2d      0xa02 Application\User\app_bluenrg-ms.o
 .debug_macro   0x0001292f      0x131 Application\User\app_bluenrg-ms.o
 .debug_macro   0x00012a60      0x11e Application\User\app_bluenrg-ms.o
 .debug_macro   0x00012b7e       0xf8 Application\User\app_bluenrg-ms.o
 .debug_macro   0x00012c76       0x27 Application\User\app_bluenrg-ms.o
 .debug_macro   0x00012c9d      0x287 Application\User\app_bluenrg-ms.o
 .debug_macro   0x00012f24       0x5f Application\User\app_bluenrg-ms.o
 .debug_macro   0x00012f83      0x23a Application\User\app_bluenrg-ms.o
 .debug_macro   0x000131bd      0x13a Application\User\app_bluenrg-ms.o
 .debug_macro   0x000132f7      0x264 Application\User\app_bluenrg-ms.o
 .debug_macro   0x0001355b       0x2e Application\User\app_bluenrg-ms.o
 .debug_macro   0x00013589      0x11e Application\User\app_bluenrg-ms.o
 .debug_macro   0x000136a7       0x85 Application\User\app_bluenrg-ms.o
 .debug_macro   0x0001372c       0x89 Application\User\app_bluenrg-ms.o
 .debug_macro   0x000137b5      0x202 Application\User\app_bluenrg-ms.o
 .debug_macro   0x000139b7      0x287 Application\User\app_bluenrg-ms.o
 .debug_macro   0x00013c3e      0x12d Application\User\app_bluenrg-ms.o
 .debug_macro   0x00013d6b       0xda Application\User\app_bluenrg-ms.o
 .debug_macro   0x00013e45       0x16 Application\User\app_bluenrg-ms.o
 .debug_macro   0x00013e5b       0x3a Application\User\app_bluenrg-ms.o
 .debug_macro   0x00013e95       0x52 Application\User\app_bluenrg-ms.o
 .debug_macro   0x00013ee7       0x16 Application\User\app_bluenrg-ms.o
 .debug_macro   0x00013efd       0x35 Application\User\app_bluenrg-ms.o
 .debug_macro   0x00013f32       0x20 Application\User\app_bluenrg-ms.o
 .debug_macro   0x00013f52       0x3a Application\User\app_bluenrg-ms.o
 .debug_macro   0x00013f8c      0x170 Application\User\app_bluenrg-ms.o
 .debug_macro   0x000140fc       0x9b Application\User\app_bluenrg-ms.o
 .debug_macro   0x00014197      0x1b4 Application\User\app_bluenrg-ms.o
 .debug_macro   0x0001434b       0x1c Application\User\app_bluenrg-ms.o
 .debug_macro   0x00014367      0x37e Application\User\app_bluenrg-ms.o
 .debug_macro   0x000146e5      0x174 Application\User\app_bluenrg-ms.o
 .debug_macro   0x00014859      0x4bd Application\User\app_bluenrg-ms.o
 .debug_macro   0x00014d16      0x172 Application\User\app_bluenrg-ms.o
 .debug_macro   0x00014e88       0xdd Application\User\app_bluenrg-ms.o
 .debug_macro   0x00014f65       0x10 Application\User\app_bluenrg-ms.o
 .debug_macro   0x00014f75       0x4c Application\User\app_bluenrg-ms.o
 .debug_macro   0x00014fc1       0x50 Application\User\app_bluenrg-ms.o
 .debug_macro   0x00015011       0xab Application\User\app_bluenrg-ms.o
 .debug_macro   0x000150bc      0x264 Application\User\app_bluenrg-ms.o
 .debug_macro   0x00015320      0x393 Application\User\hci_tl_interface.o
 .debug_macro   0x000156b3       0x1c Application\User\hci_tl_interface.o
 .debug_macro   0x000156cf       0x58 Application\User\hci_tl_interface.o
 .debug_macro   0x00015727       0x3b Application\User\hci_tl_interface.o
 .debug_macro   0x00015762      0x32b Application\User\main.o
 .debug_macro   0x00015a8d       0xe0 Application\User\main.o
 .debug_macro   0x00015b6d      0x326 Application\User\nucleo_f401re_bus.o
 .debug_macro   0x00015e93       0x4c Application\User\nucleo_f401re_bus.o
 .debug_macro   0x00015edf      0x455 Application\User\sample_service.o
 .debug_macro   0x00016334       0x52 Application\User\sample_service.o
 .debug_macro   0x00016386       0x40 Application\User\sample_service.o
 .debug_macro   0x000163c6      0x349 Application\User\stm32f4_nucleo_f401re.o
 .debug_macro   0x0001670f      0x31e Application\User\stm32f4xx_hal_exti.o
 .debug_macro   0x00016a2d      0x12b Application\User\stm32f4xx_hal_exti.o
 .debug_macro   0x00016b58      0x314 Application\User\stm32f4xx_hal_msp.o
 .debug_macro   0x00016e6c      0x31e Application\User\stm32f4xx_it.o
 .debug_macro   0x0001718a      0x324 Drivers\CMSIS\system_stm32f4xx.o
 .debug_macro   0x000174ae      0x374 Drivers\STM32F4xx_HAL_Driver\stm32f4xx_hal.o
 .debug_macro   0x00017822      0x314 Drivers\STM32F4xx_HAL_Driver\stm32f4xx_hal_cortex.o
 .debug_macro   0x00017b36      0x34c Drivers\STM32F4xx_HAL_Driver\stm32f4xx_hal_gpio.o
 .debug_macro   0x00017e82      0x338 Drivers\STM32F4xx_HAL_Driver\stm32f4xx_hal_rcc.o
 .debug_macro   0x000181ba      0x31c Drivers\STM32F4xx_HAL_Driver\stm32f4xx_hal_spi.o
 .debug_macro   0x000184d6      0x315 Drivers\STM32F4xx_HAL_Driver\stm32f4xx_hal_uart.o
 .debug_macro   0x000187eb      0x404 Middlewares\X-CUBE-BLE1\Wireless\Controller\bluenrg_gap_aci.o
 .debug_macro   0x00018bef      0x404 Middlewares\X-CUBE-BLE1\Wireless\Controller\bluenrg_gatt_aci.o
 .debug_macro   0x00018ff3      0x404 Middlewares\X-CUBE-BLE1\Wireless\Controller\bluenrg_hal_aci.o
 .debug_macro   0x000193f7      0x427 Middlewares\X-CUBE-BLE1\Wireless\Controller\bluenrg_utils_small.o
 .debug_macro   0x0001981e      0x3d1 Middlewares\X-CUBE-BLE1\Wireless\HCI_TL\Basic\hci_le.o
 .debug_macro   0x00019bef      0x176 Middlewares\X-CUBE-BLE1\Wireless\HCI_TL\Basic\hci_le.o
 .debug_macro   0x00019d65      0x16c Middlewares\X-CUBE-BLE1\Wireless\HCI_TL\Basic\hci_le.o
 .debug_macro   0x00019ed1      0x3ea Middlewares\X-CUBE-BLE1\Wireless\HCI_TL\Basic\hci_tl.o
 .debug_macro   0x0001a2bb      0x1bb Middlewares\X-CUBE-BLE1\Wireless\Utils\ble_list.o

.debug_str      0x00000000    0x8b330
 .debug_str     0x00000000    0x85668 Application\User\app_bluenrg-ms.o
                              0x859ae (size before relaxing)
 .debug_str     0x00085668      0x7b0 Application\User\hci_tl_interface.o
                              0x7fd80 (size before relaxing)
 .debug_str     0x00085e18      0x1ec Application\User\main.o
                              0x7fd33 (size before relaxing)
 .debug_str     0x00086004      0x521 Application\User\nucleo_f401re_bus.o
                              0x7fab0 (size before relaxing)
 .debug_str     0x00086525      0x938 Application\User\sample_service.o
                              0x86210 (size before relaxing)
 .debug_str     0x00086e5d      0x3d4 Application\User\stm32f4_nucleo_f401re.o
                              0x80411 (size before relaxing)
 .debug_str     0x00087231       0xa2 Application\User\stm32f4xx_hal_exti.o
                              0x7f31a (size before relaxing)
 .debug_str     0x000872d3       0x4a Application\User\stm32f4xx_hal_msp.o
                              0x7f6d5 (size before relaxing)
 .debug_str     0x0008731d       0xe0 Application\User\stm32f4xx_it.o
                              0x7f303 (size before relaxing)
 .debug_str     0x000873fd       0xc5 Drivers\CMSIS\system_stm32f4xx.o
                              0x7f3a8 (size before relaxing)
 .debug_str     0x000874c2      0x5b0 Drivers\STM32F4xx_HAL_Driver\stm32f4xx_hal.o
                              0x7fdc1 (size before relaxing)
 .debug_str     0x00087a72      0x324 Drivers\STM32F4xx_HAL_Driver\stm32f4xx_hal_cortex.o
                              0x7faf1 (size before relaxing)
 .debug_str     0x00087d96      0x1ad Drivers\STM32F4xx_HAL_Driver\stm32f4xx_hal_gpio.o
                              0x7f5f8 (size before relaxing)
 .debug_str     0x00087f43      0x226 Drivers\STM32F4xx_HAL_Driver\stm32f4xx_hal_rcc.o
                              0x7f7c2 (size before relaxing)
 .debug_str     0x00088169      0x4e0 Drivers\STM32F4xx_HAL_Driver\stm32f4xx_hal_spi.o
                              0x7fbcc (size before relaxing)
 .debug_str     0x00088649      0x50e Drivers\STM32F4xx_HAL_Driver\stm32f4xx_hal_uart.o
                              0x7fc2b (size before relaxing)
 .debug_str     0x00088b57      0xd94 Middlewares\X-CUBE-BLE1\Wireless\Controller\bluenrg_gap_aci.o
                              0x849a9 (size before relaxing)
 .debug_str     0x000898eb      0xbcb Middlewares\X-CUBE-BLE1\Wireless\Controller\bluenrg_gatt_aci.o
                              0x84a21 (size before relaxing)
 .debug_str     0x0008a4b6      0x225 Middlewares\X-CUBE-BLE1\Wireless\Controller\bluenrg_hal_aci.o
                              0x843cd (size before relaxing)
 .debug_str     0x0008a6db      0x196 Middlewares\X-CUBE-BLE1\Wireless\Controller\bluenrg_utils_small.o
                              0x84786 (size before relaxing)
 .debug_str     0x0008a871      0x732 Middlewares\X-CUBE-BLE1\Wireless\HCI_TL\Basic\hci_le.o
                              0x82169 (size before relaxing)
 .debug_str     0x0008afa3      0x2c8 Middlewares\X-CUBE-BLE1\Wireless\HCI_TL\Basic\hci_tl.o
                              0x8167e (size before relaxing)
 .debug_str     0x0008b26b       0xc5 Middlewares\X-CUBE-BLE1\Wireless\Utils\ble_list.o
                               0x7a61 (size before relaxing)

.comment        0x00000000       0x7c
 .comment       0x00000000       0x7c Application\User\app_bluenrg-ms.o
                                 0x7d (size before relaxing)
 .comment       0x0000007c       0x7d Application\User\hci_tl_interface.o
 .comment       0x0000007c       0x7d Application\User\main.o
 .comment       0x0000007c       0x7d Application\User\nucleo_f401re_bus.o
 .comment       0x0000007c       0x7d Application\User\sample_service.o
 .comment       0x0000007c       0x7d Application\User\stm32f4_nucleo_f401re.o
 .comment       0x0000007c       0x7d Application\User\stm32f4xx_hal_exti.o
 .comment       0x0000007c       0x7d Application\User\stm32f4xx_hal_msp.o
 .comment       0x0000007c       0x7d Application\User\stm32f4xx_it.o
 .comment       0x0000007c       0x7d Drivers\CMSIS\system_stm32f4xx.o
 .comment       0x0000007c       0x7d Drivers\STM32F4xx_HAL_Driver\stm32f4xx_hal.o
 .comment       0x0000007c       0x7d Drivers\STM32F4xx_HAL_Driver\stm32f4xx_hal_cortex.o
 .comment       0x0000007c       0x7d Drivers\STM32F4xx_HAL_Driver\stm32f4xx_hal_gpio.o
 .comment       0x0000007c       0x7d Drivers\STM32F4xx_HAL_Driver\stm32f4xx_hal_rcc.o
 .comment       0x0000007c       0x7d Drivers\STM32F4xx_HAL_Driver\stm32f4xx_hal_spi.o
 .comment       0x0000007c       0x7d Drivers\STM32F4xx_HAL_Driver\stm32f4xx_hal_uart.o
 .comment       0x0000007c       0x7d Middlewares\X-CUBE-BLE1\Wireless\Controller\bluenrg_gap_aci.o
 .comment       0x0000007c       0x7d Middlewares\X-CUBE-BLE1\Wireless\Controller\bluenrg_gatt_aci.o
 .comment       0x0000007c       0x7d Middlewares\X-CUBE-BLE1\Wireless\Controller\bluenrg_hal_aci.o
 .comment       0x0000007c       0x7d Middlewares\X-CUBE-BLE1\Wireless\Controller\bluenrg_utils_small.o
 .comment       0x0000007c       0x7d Middlewares\X-CUBE-BLE1\Wireless\HCI_TL\Basic\hci_le.o
 .comment       0x0000007c       0x7d Middlewares\X-CUBE-BLE1\Wireless\HCI_TL\Basic\hci_tl.o
 .comment       0x0000007c       0x7d Middlewares\X-CUBE-BLE1\Wireless\Utils\ble_list.o

.debug_frame    0x00000000     0x31c4
 .debug_frame   0x00000000       0x5c Application\User\app_bluenrg-ms.o
 .debug_frame   0x0000005c       0xf0 Application\User\hci_tl_interface.o
 .debug_frame   0x0000014c       0x58 Application\User\main.o
 .debug_frame   0x000001a4       0xc4 Application\User\nucleo_f401re_bus.o
 .debug_frame   0x00000268      0x17c Application\User\sample_service.o
 .debug_frame   0x000003e4      0x1b4 Application\User\stm32f4_nucleo_f401re.o
 .debug_frame   0x00000598       0x40 Application\User\stm32f4xx_hal_exti.o
 .debug_frame   0x000005d8       0x2c Application\User\stm32f4xx_hal_msp.o
 .debug_frame   0x00000604       0xbc Application\User\stm32f4xx_it.o
 .debug_frame   0x000006c0       0x38 Drivers\CMSIS\system_stm32f4xx.o
 .debug_frame   0x000006f8      0x1d0 Drivers\STM32F4xx_HAL_Driver\stm32f4xx_hal.o
 .debug_frame   0x000008c8      0x158 Drivers\STM32F4xx_HAL_Driver\stm32f4xx_hal_cortex.o
 .debug_frame   0x00000a20       0xd8 Drivers\STM32F4xx_HAL_Driver\stm32f4xx_hal_gpio.o
 .debug_frame   0x00000af8      0x13c Drivers\STM32F4xx_HAL_Driver\stm32f4xx_hal_rcc.o
 .debug_frame   0x00000c34      0x560 Drivers\STM32F4xx_HAL_Driver\stm32f4xx_hal_spi.o
 .debug_frame   0x00001194      0x4a0 Drivers\STM32F4xx_HAL_Driver\stm32f4xx_hal_uart.o
 .debug_frame   0x00001634      0x534 Middlewares\X-CUBE-BLE1\Wireless\Controller\bluenrg_gap_aci.o
 .debug_frame   0x00001b68      0x598 Middlewares\X-CUBE-BLE1\Wireless\Controller\bluenrg_gatt_aci.o
 .debug_frame   0x00002100      0x154 Middlewares\X-CUBE-BLE1\Wireless\Controller\bluenrg_hal_aci.o